Component: ARM Compiler 5.06 update 6 (build 750) Tool: armlink [4d35ed]

==============================================================================

Section Cross References

    startup_stm32f072xb.o(STACK) refers (Special) to heapauxi.o(.text) for __use_two_region_memory
    startup_stm32f072xb.o(HEAP) refers (Special) to heapauxi.o(.text) for __use_two_region_memory
    startup_stm32f072xb.o(RESET) refers (Special) to heapauxi.o(.text) for __use_two_region_memory
    startup_stm32f072xb.o(RESET) refers to startup_stm32f072xb.o(STACK) for __initial_sp
    startup_stm32f072xb.o(RESET) refers to startup_stm32f072xb.o(.text) for Reset_Handler
    startup_stm32f072xb.o(RESET) refers to stm32f0xx_it.o(i.NMI_Handler) for NMI_Handler
    startup_stm32f072xb.o(RESET) refers to stm32f0xx_it.o(i.HardFault_Handler) for HardFault_Handler
    startup_stm32f072xb.o(RESET) refers to stm32f0xx_it.o(i.SVC_Handler) for SVC_Handler
    startup_stm32f072xb.o(RESET) refers to stm32f0xx_it.o(i.PendSV_Handler) for PendSV_Handler
    startup_stm32f072xb.o(RESET) refers to stm32f0xx_it.o(i.SysTick_Handler) for SysTick_Handler
    startup_stm32f072xb.o(RESET) refers to stm32f0xx_it.o(i.DMA1_Channel1_IRQHandler) for DMA1_Channel1_IRQHandler
    startup_stm32f072xb.o(RESET) refers to stm32f0xx_it.o(i.USB_IRQHandler) for USB_IRQHandler
    startup_stm32f072xb.o(.text) refers (Special) to heapauxi.o(.text) for __use_two_region_memory
    startup_stm32f072xb.o(.text) refers to system_stm32f0xx.o(i.SystemInit) for SystemInit
    startup_stm32f072xb.o(.text) refers to __main.o(!!!main) for __main
    startup_stm32f072xb.o(.text) refers to startup_stm32f072xb.o(HEAP) for Heap_Mem
    startup_stm32f072xb.o(.text) refers to startup_stm32f072xb.o(STACK) for Stack_Mem
    main.o(i.SystemClock_Config) refers to rt_memclr.o(.text) for __aeabi_memclr4
    main.o(i.SystemClock_Config) refers to stm32f0xx_hal_rcc.o(i.HAL_RCC_OscConfig) for HAL_RCC_OscConfig
    main.o(i.SystemClock_Config) refers to stm32f0xx_hal_rcc.o(i.HAL_RCC_ClockConfig) for HAL_RCC_ClockConfig
    main.o(i.SystemClock_Config) refers to stm32f0xx_hal_rcc_ex.o(i.HAL_RCCEx_PeriphCLKConfig) for HAL_RCCEx_PeriphCLKConfig
    main.o(i.main) refers to stm32f0xx_hal.o(i.HAL_Init) for HAL_Init
    main.o(i.main) refers to main.o(i.SystemClock_Config) for SystemClock_Config
    main.o(i.main) refers to gpio.o(i.MX_GPIO_Init) for MX_GPIO_Init
    main.o(i.main) refers to dma.o(i.MX_DMA_Init) for MX_DMA_Init
    main.o(i.main) refers to adc.o(i.MX_ADC_Init) for MX_ADC_Init
    main.o(i.main) refers to tim.o(i.MX_TIM2_Init) for MX_TIM2_Init
    main.o(i.main) refers to usb_device.o(i.MX_USB_DEVICE_Init) for MX_USB_DEVICE_Init
    main.o(i.main) refers to stm32f0xx_hal.o(i.HAL_Delay) for HAL_Delay
    main.o(i.main) refers to stm32f0xx_hal_tim.o(i.HAL_TIM_Base_Start) for HAL_TIM_Base_Start
    main.o(i.main) refers to stm32f0xx_hal_adc.o(i.HAL_ADC_Start_DMA) for HAL_ADC_Start_DMA
    main.o(i.main) refers to usb_printf.o(i.usb_printf) for usb_printf
    main.o(i.main) refers to tim.o(.bss) for htim2
    main.o(i.main) refers to adc.o(.bss) for hadc
    adc.o(i.HAL_ADC_MspDeInit) refers to stm32f0xx_hal_gpio.o(i.HAL_GPIO_DeInit) for HAL_GPIO_DeInit
    adc.o(i.HAL_ADC_MspDeInit) refers to stm32f0xx_hal_dma.o(i.HAL_DMA_DeInit) for HAL_DMA_DeInit
    adc.o(i.HAL_ADC_MspInit) refers to rt_memclr.o(.text) for __aeabi_memclr4
    adc.o(i.HAL_ADC_MspInit) refers to stm32f0xx_hal_gpio.o(i.HAL_GPIO_Init) for HAL_GPIO_Init
    adc.o(i.HAL_ADC_MspInit) refers to stm32f0xx_hal_dma.o(i.HAL_DMA_Init) for HAL_DMA_Init
    adc.o(i.HAL_ADC_MspInit) refers to main.o(i.Error_Handler) for Error_Handler
    adc.o(i.HAL_ADC_MspInit) refers to adc.o(.bss) for .bss
    adc.o(i.MX_ADC_Init) refers to stm32f0xx_hal_adc.o(i.HAL_ADC_Init) for HAL_ADC_Init
    adc.o(i.MX_ADC_Init) refers to main.o(i.Error_Handler) for Error_Handler
    adc.o(i.MX_ADC_Init) refers to stm32f0xx_hal_adc.o(i.HAL_ADC_ConfigChannel) for HAL_ADC_ConfigChannel
    adc.o(i.MX_ADC_Init) refers to adc.o(.bss) for .bss
    dma.o(i.MX_DMA_Init) refers to stm32f0xx_hal_cortex.o(i.HAL_NVIC_SetPriority) for HAL_NVIC_SetPriority
    dma.o(i.MX_DMA_Init) refers to stm32f0xx_hal_cortex.o(i.HAL_NVIC_EnableIRQ) for HAL_NVIC_EnableIRQ
    tim.o(i.HAL_TIM_MspPostInit) refers to rt_memclr.o(.text) for __aeabi_memclr4
    tim.o(i.HAL_TIM_MspPostInit) refers to stm32f0xx_hal_gpio.o(i.HAL_GPIO_Init) for HAL_GPIO_Init
    tim.o(i.MX_TIM2_Init) refers to rt_memclr.o(.text) for __aeabi_memclr4
    tim.o(i.MX_TIM2_Init) refers to stm32f0xx_hal_tim.o(i.HAL_TIM_Base_Init) for HAL_TIM_Base_Init
    tim.o(i.MX_TIM2_Init) refers to main.o(i.Error_Handler) for Error_Handler
    tim.o(i.MX_TIM2_Init) refers to stm32f0xx_hal_tim.o(i.HAL_TIM_ConfigClockSource) for HAL_TIM_ConfigClockSource
    tim.o(i.MX_TIM2_Init) refers to stm32f0xx_hal_tim.o(i.HAL_TIM_PWM_Init) for HAL_TIM_PWM_Init
[...]
    .constdata                               0x08005c88   Section       17  __printf_flags_ss_wp.o(.constdata)
    maptable                                 0x08005c88   Data          17  __printf_flags_ss_wp.o(.constdata)
    .constdata                               0x08005c99   Section       38  _printf_fp_hex.o(.constdata)
    lc_hextab                                0x08005c99   Data          19  _printf_fp_hex.o(.constdata)
    uc_hextab                                0x08005cac   Data          19  _printf_fp_hex.o(.constdata)
    .constdata                               0x08005cc0   Section      148  bigflt0.o(.constdata)
    tenpwrs_x                                0x08005cc0   Data          60  bigflt0.o(.constdata)
    tenpwrs_i                                0x08005cfc   Data          64  bigflt0.o(.constdata)
    locale$$data                             0x08005d74   Section       28  lc_numeric_c.o(locale$$data)
    __lcnum_c_name                           0x08005d78   Data           2  lc_numeric_c.o(locale$$data)
    __lcnum_c_start                          0x08005d80   Data           0  lc_numeric_c.o(locale$$data)
    __lcnum_c_point                          0x08005d8c   Data           0  lc_numeric_c.o(locale$$data)
    __lcnum_c_thousands                      0x08005d8e   Data           0  lc_numeric_c.o(locale$$data)
    __lcnum_c_grouping                       0x08005d8f   Data           0  lc_numeric_c.o(locale$$data)
    locale$$data                             0x08005d90   Section      272  lc_ctype_c.o(locale$$data)
    __lcnum_c_end                            0x08005d90   Data           0  lc_numeric_c.o(locale$$data)
    __lcctype_c_name                         0x08005d94   Data           2  lc_ctype_c.o(locale$$data)
    __lcctype_c_start                        0x08005d9c   Data           0  lc_ctype_c.o(locale$$data)
    __lcctype_c_end                          0x08005ea0   Data           0  lc_ctype_c.o(locale$$data)
    .data                                    0x20000000   Section       12  stm32f0xx_hal.o(.data)
    .data                                    0x2000000c   Section        4  system_stm32f0xx.o(.data)
    .data                                    0x20000010   Section       28  usbd_desc.o(.data)
    .data                                    0x2000002c   Section       50  usbd_desc.o(.data)
    .data                                    0x20000060   Section       16  usbd_cdc_if.o(.data)
    .data                                    0x20000070   Section        1  usbd_ctlreq.o(.data)
    cfgidx                                   0x20000070   Data           1  usbd_ctlreq.o(.data)
    .data                                    0x20000074   Section      215  usbd_cdc.o(.data)
    USBD_CDC_DeviceQualifierDesc             0x20000074   Data          10  usbd_cdc.o(.data)
    .data                                    0x2000014c   Section       56  usbd_cdc.o(.data)
    .bss                                     0x20000184   Section      132  adc.o(.bss)
    .bss                                     0x20000208   Section       72  tim.o(.bss)
    .bss                                     0x20000250   Section      708  usb_device.o(.bss)
    .bss                                     0x20000514   Section      512  usbd_desc.o(.bss)
    .bss                                     0x20000714   Section     2048  usbd_cdc_if.o(.bss)
    .bss                                     0x20000f14   Section     1276  usbd_conf.o(.bss)
    mem                                      0x20000f14   Data         544  usbd_conf.o(.bss)
    .bss                                     0x20001410   Section       96  libspace.o(.bss)
    HEAP                                     0x20001470   Section      512  startup_stm32f072xb.o(HEAP)
    Heap_Mem                                 0x20001470   Data         512  startup_stm32f072xb.o(HEAP)
    STACK                                    0x20001670   Section     1024  startup_stm32f072xb.o(STACK)
    Stack_Mem                                0x20001670   Data        1024  startup_stm32f072xb.o(STACK)
    __initial_sp                             0x20001a70   Data           0  startup_stm32f072xb.o(STACK)

    Global Symbols

    Symbol Name                              Value     Ov Type        Size  Object(Section)

    BuildAttributes$$THM_ISAv3M$S$PE$A:L22$X:L11$S22$IEEE1$IW$USESV6$~STKCKD$USESV7$~SHL$OTIME$ROPI$IEEEJ$EBA8$UX$STANDARDLIB$REQ8$PRES8$EABIv2 0x00000000   Number         0  anon$$obj.o ABSOLUTE
    __ARM_use_no_argv                        0x00000000   Number         0  main.o ABSOLUTE
    _printf_flags                            0x00000000   Number         0  printf_stubs.o ABSOLUTE
    _printf_return_value                     0x00000000   Number         0  printf_stubs.o ABSOLUTE
    _printf_sizespec                         0x00000000   Number         0  printf_stubs.o ABSOLUTE
    _printf_widthprec                        0x00000000   Number         0  printf_stubs.o ABSOLUTE
    __ARM_exceptions_init                     - Undefined Weak Reference
    __alloca_initialize                       - Undefined Weak Reference
    __arm_preinit_                            - Undefined Weak Reference
    __cpp_initialize__aeabi_                  - Undefined Weak Reference
    __cxa_finalize                            - Undefined Weak Reference
    __sigvec_lookup                           - Undefined Weak Reference
    _atexit_init                              - Undefined Weak Reference
    _call_atexit_fns                          - Undefined Weak Reference
    _clock_init                               - Undefined Weak Reference
    _fp_trap_init                             - Undefined Weak Reference
    _fp_trap_shutdown                         - Undefined Weak Reference
    _get_lc_collate                           - Undefined Weak Reference
    _get_lc_monetary                          - Undefined Weak Reference
    _get_lc_time                              - Undefined Weak Reference
    _getenv_init                              - Undefined Weak Reference
    _handle_redirection                       - Undefined Weak Reference
    _init_alloc                               - Undefined Weak Reference
    _init_user_alloc                          - Undefined Weak Reference
    _initio                                   - Undefined Weak Reference
    _printf_mbtowc                            - Undefined Weak Reference
    _printf_wc                                - Undefined Weak Reference
    _rand_init                                - Undefined Weak Reference
    _signal_finish                            - Undefined Weak Reference
    _signal_init                              - Undefined Weak Reference
    _terminate_alloc                          - Undefined Weak Reference
    _terminate_user_alloc                     - Undefined Weak Reference
    _terminateio                              - Undefined Weak Reference
    __Vectors_Size                           0x000000c0   Number         0  startup_stm32f072xb.o ABSOLUTE
    __Vectors                                0x08000000   Data           4  startup_stm32f072xb.o(RESET)
    __Vectors_End                            0x080000c0   Data           0  startup_stm32f072xb.o(RESET)
    __main                                   0x080000c1   Thumb Code     8  __main.o(!!!main)
    __scatterload                            0x080000c9   Thumb Code     0  __scatter.o(!!!scatter)
    __scatterload_rt2                        0x080000c9   Thumb Code    52  __scatter.o(!!!scatter)
    __scatterload_rt2_thumb_only             0x080000c9   Thumb Code     0  __scatter.o(!!!scatter)
    __scatterload_null                       0x080000d9   Thumb Code     0  __scatter.o(!!!scatter)
    __scatterload_zeroinit                   0x08000105   Thumb Code    28  __scatter_zi.o(!!handler_zi)
    _printf_percent                          0x08000121   Thumb Code     0  _printf_percent.o(.ARM.Collect$$_printf_percent$$00000000)
    _printf_n                                0x08000123   Thumb Code     0  _printf_n.o(.ARM.Collect$$_printf_percent$$00000001)
    _printf_p                                0x0800012d   Thumb Code     0  _printf_p.o(.ARM.Collect$$_printf_percent$$00000002)
    _printf_f                                0x08000137   Thumb Code     0  _printf_f.o(.ARM.Collect$$_printf_percent$$00000003)
    _printf_e                                0x08000141   Thumb Code     0  _printf_e.o(.ARM.Collect$$_printf_percent$$00000004)
    _printf_g                                0x0800014b   Thumb Code     0  _printf_g.o(.ARM.Collect$$_printf_percent$$00000005)
    _printf_a                                0x08000155   Thumb Code     0  _printf_a.o(.ARM.Collect$$_printf_percent$$00000006)
    _printf_ll                               0x0800015f   Thumb Code     0  _printf_ll.o(.ARM.Collect$$_printf_percent$$00000007)
    _printf_i                                0x08000169   Thumb Code     0  _printf_i.o(.ARM.Collect$$_printf_percent$$00000008)
    _printf_d                                0x08000173   Thumb Code     0  _printf_d.o(.ARM.Collect$$_printf_percent$$00000009)
    _printf_u                                0x0800017d   Thumb Code     0  _printf_u.o(.ARM.Collect$$_printf_percent$$0000000A)
    _printf_o                                0x08000187   Thumb Code     0  _printf_o.o(.ARM.Collect$$_printf_percent$$0000000B)
    _printf_x                                0x08000191   Thumb Code     0  _printf_x.o(.ARM.Collect$$_printf_percent$$0000000C)
    _printf_lli                              0x0800019b   Thumb Code     0  _printf_lli.o(.ARM.Collect$$_printf_percent$$0000000D)
    _printf_lld                              0x080001a5   Thumb Code     0  _printf_lld.o(.ARM.Collect$$_printf_percent$$0000000E)
    _printf_llu                              0x080001af   Thumb Code     0  _printf_llu.o(.ARM.Collect$$_printf_percent$$0000000F)
    _printf_llo                              0x080001b9   Thumb Code     0  _printf_llo.o(.ARM.Collect$$_printf_percent$$00000010)
    _printf_llx                              0x080001c3   Thumb Code     0  _printf_llx.o(.ARM.Collect$$_printf_percent$$00000011)
    _printf_l                                0x080001cd   Thumb Code     0  _printf_l.o(.ARM.Collect$$_printf_percent$$00000012)
    _printf_c                                0x080001d7   Thumb Code     0  _printf_c.o(.ARM.Collect$$_printf_percent$$00000013)
    _printf_s                                0x080001e1   Thumb Code     0  _printf_s.o(.ARM.Collect$$_printf_percent$$00000014)
    _printf_lc                               0x080001eb   Thumb Code     0  _printf_lc.o(.ARM.Collect$$_printf_percent$$00000015)
    _printf_ls                               0x080001f5   Thumb Code     0  _printf_ls.o(.ARM.Collect$$_printf_percent$$00000016)
    _printf_percent_end                      0x080001ff   Thumb Code     0  _printf_percent_end.o(.ARM.Collect$$_printf_percent$$00000017)
    __rt_lib_init                            0x08000203   Thumb Code     0  libinit.o(.ARM.Collect$$libinit$$00000000)
    __rt_lib_init_fp_1                       0x08000205   Thumb Code     0  libinit2.o(.ARM.Collect$$libinit$$00000002)
    __rt_lib_init_heap_1                     0x08000205   Thumb Code     0  libinit2.o(.ARM.Collect$$libinit$$0000000A)
    __rt_lib_init_lc_common                  0x08000205   Thumb Code     0  libinit2.o(.ARM.Collect$$libinit$$0000000F)
    __rt_lib_init_preinit_1                  0x08000205   Thumb Code     0  libinit2.o(.ARM.Collect$$libinit$$00000004)
    __rt_lib_init_rand_1                     0x08000205   Thumb Code     0  libinit2.o(.ARM.Collect$$libinit$$0000000E)
    __rt_lib_init_user_alloc_1               0x08000205   Thumb Code     0  libinit2.o(.ARM.Collect$$libinit$$0000000C)
    __rt_lib_init_lc_collate_1               0x0800020b   Thumb Code     0  libinit2.o(.ARM.Collect$$libinit$$00000011)
    __rt_lib_init_lc_ctype_2                 0x0800020b   Thumb Code     0  libinit2.o(.ARM.Collect$$libinit$$00000012)
    __rt_lib_init_lc_ctype_1                 0x08000217   Thumb Code     0  libinit2.o(.ARM.Collect$$libinit$$00000013)
    __rt_lib_init_lc_monetary_1              0x08000217   Thumb Code     0  libinit2.o(.ARM.Collect$$libinit$$00000015)
    __rt_lib_init_lc_numeric_2               0x08000217   Thumb Code     0  libinit2.o(.ARM.Collect$$libinit$$00000016)
    __rt_lib_init_alloca_1                   0x08000221   Thumb Code     0  libinit2.o(.ARM.Collect$$libinit$$0000002E)
    __rt_lib_init_argv_1                     0x08000221   Thumb Code     0  libinit2.o(.ARM.Collect$$libinit$$0000002C)
    __rt_lib_init_atexit_1                   0x08000221   Thumb Code     0  libinit2.o(.ARM.Collect$$libinit$$0000001B)
    __rt_lib_init_clock_1                    0x08000221   Thumb Code     0  libinit2.o(.ARM.Collect$$libinit$$00000021)
    __rt_lib_init_cpp_1                      0x08000221   Thumb Code     0  libinit2.o(.ARM.Collect$$libinit$$00000032)
    __rt_lib_init_exceptions_1               0x08000221   Thumb Code     0  libinit2.o(.ARM.Collect$$libinit$$00000030)
    __rt_lib_init_fp_trap_1                  0x08000221   Thumb Code     0  libinit2.o(.ARM.Collect$$libinit$$0000001F)
    __rt_lib_init_getenv_1                   0x08000221   Thumb Code     0  libinit2.o(.ARM.Collect$$libinit$$00000023)
    __rt_lib_init_lc_numeric_1               0x08000221   Thumb Code     0  libinit2.o(.ARM.Collect$$libinit$$00000017)
    __rt_lib_init_lc_time_1                  0x08000221   Thumb Code     0  libinit2.o(.ARM.Collect$$libinit$$00000019)
    __rt_lib_init_return                     0x08000221   Thumb Code     0  libinit2.o(.ARM.Collect$$libinit$$00000033)
    __rt_lib_init_signal_1                   0x08000221   Thumb Code     0  libinit2.o(.ARM.Collect$$libinit$$0000001D)
    __rt_lib_init_stdio_1                    0x08000221   Thumb Code     0  libinit2.o(.ARM.Collect$$libinit$$00000025)
    __rt_lib_shutdown                        0x08000223   Thumb Code     0  libshutdown.o(.ARM.Collect$$libshutdown$$00000000)
    __rt_lib_shutdown_cpp_1                  0x08000225   Thumb Code     0  libshutdown2.o(.ARM.Collect$$libshutdown$$00000002)
    __rt_lib_shutdown_fp_trap_1              0x08000225   Thumb Code     0  libshutdown2.o(.ARM.Collect$$libshutdown$$00000007)
    __rt_lib_shutdown_heap_1                 0x08000225   Thumb Code     0  libshutdown2.o(.ARM.Collect$$libshutdown$$0000000F)
    __rt_lib_shutdown_return                 0x08000225   Thumb Code     0  libshutdown2.o(.ARM.Collect$$libshutdown$$00000010)
    __rt_lib_shutdown_signal_1               0x08000225   Thumb Code     0  libshutdown2.o(.ARM.Collect$$libshutdown$$0000000A)
    __rt_lib_shutdown_stdio_1                0x08000225   Thumb Code     0  libshutdown2.o(.ARM.Collect$$libshutdown$$00000004)
    __rt_lib_shutdown_user_alloc_1           0x08000225   Thumb Code     0  libshutdown2.o(.ARM.Collect$$libshutdown$$0000000C)
    __rt_entry                               0x08000227   Thumb Code     0  __rtentry.o(.ARM.Collect$$rtentry$$00000000)
    __rt_entry_presh_1                       0x08000227   Thumb Code     0  __rtentry2.o(.ARM.Collect$$rtentry$$00000002)
    __rt_entry_sh                            0x08000227   Thumb Code     0  __rtentry4.o(.ARM.Collect$$rtentry$$00000004)
    __rt_entry_li                            0x0800022d   Thumb Code     0  __rtentry2.o(.ARM.Collect$$rtentry$$0000000A)
    __rt_entry_postsh_1                      0x0800022d   Thumb Code     0  __rtentry2.o(.ARM.Collect$$rtentry$$00000009)
    __rt_entry_main                          0x08000231   Thumb Code     0  __rtentry2.o(.ARM.Collect$$rtentry$$0000000D)
    __rt_entry_postli_1                      0x08000231   Thumb Code     0  __rtentry2.o(.ARM.Collect$$rtentry$$0000000C)
    __rt_exit                                0x08000239   Thumb Code     0  rtexit.o(.ARM.Collect$$rtexit$$00000000)
    __rt_exit_ls                             0x0800023b   Thumb Code     0  rtexit2.o(.ARM.Collect$$rtexit$$00000003)
    __rt_exit_prels_1                        0x0800023b   Thumb Code     0  rtexit2.o(.ARM.Collect$$rtexit$$00000002)
    __rt_exit_exit                           0x0800023f   Thumb Code     0  rtexit2.o(.ARM.Collect$$rtexit$$00000004)
    Reset_Handler                            0x08000245   Thumb Code     8  startup_stm32f072xb.o(.text)
    ADC1_COMP_IRQHandler                     0x08000257   Thumb Code     0  startup_stm32f072xb.o(.text)
    CEC_CAN_IRQHandler                       0x08000257   Thumb Code     0  startup_stm32f072xb.o(.text)
    DMA1_Channel2_3_IRQHandler               0x08000257   Thumb Code     0  startup_stm32f072xb.o(.text)
    DMA1_Channel4_5_6_7_IRQHandler           0x08000257   Thumb Code     0  startup_stm32f072xb.o(.text)
    EXTI0_1_IRQHandler                       0x08000257   Thumb Code     0  startup_stm32f072xb.o(.text)
    EXTI2_3_IRQHandler                       0x08000257   Thumb Code     0  startup_stm32f072xb.o(.text)
    EXTI4_15_IRQHandler                      0x08000257   Thumb Code     0  startup_stm32f072xb.o(.text)
    FLASH_IRQHandler                         0x08000257   Thumb Code     0  startup_stm32f072xb.o(.text)
    I2C1_IRQHandler                          0x08000257   Thumb Code     0  startup_stm32f072xb.o(.text)
    I2C2_IRQHandler                          0x08000257   Thumb Code     0  startup_stm32f072xb.o(.text)
    PVD_VDDIO2_IRQHandler                    0x08000257   Thumb Code     0  startup_stm32f072xb.o(.text)
    RCC_CRS_IRQHandler                       0x08000257   Thumb Code     0  startup_stm32f072xb.o(.text)
    RTC_IRQHandler                           0x08000257   Thumb Code     0  startup_stm32f072xb.o(.text)
    SPI1_IRQHandler                          0x08000257   Thumb Code     0  startup_stm32f072xb.o(.text)
    SPI2_IRQHandler                          0x08000257   Thumb Code     0  startup_stm32f072xb.o(.text)
    TIM14_IRQHandler                         0x08000257   Thumb Code     0  startup_stm32f072xb.o(.text)
    TIM15_IRQHandler                         0x08000257   Thumb Code     0  startup_stm32f072xb.o(.text)
    TIM16_IRQHandler                         0x08000257   Thumb Code     0  startup_stm32f072xb.o(.text)
    TIM17_IRQHandler                         0x08000257   Thumb Code     0  startup_stm32f072xb.o(.text)
    TIM1_BRK_UP_TRG_COM_IRQHandler           0x08000257   Thumb Code     0  startup_stm32f072xb.o(.text)
    TIM1_CC_IRQHandler                       0x08000257   Thumb Code     0  startup_stm32f072xb.o(.text)
    TIM2_IRQHandler                          0x08000257   Thumb Code     0  startup_stm32f072xb.o(.text)
    TIM3_IRQHandler                          0x08000257   Thumb Code     0  startup_stm32f072xb.o(.text)
    TIM6_DAC_IRQHandler                      0x08000257   Thumb Code     0  startup_stm32f072xb.o(.text)
    TIM7_IRQHandler                          0x08000257   Thumb Code     0  startup_stm32f072xb.o(.text)
    TSC_IRQHandler                           0x08000257   Thumb Code     0  startup_stm32f072xb.o(.text)
    USART1_IRQHandler                        0x08000257   Thumb Code     0  startup_stm32f072xb.o(.text)
    USART2_IRQHandler                        0x08000257   Thumb Code     0  startup_stm32f072xb.o(.text)
    USART3_4_IRQHandler                      0x08000257   Thumb Code     0  startup_stm32f072xb.o(.text)
    WWDG_IRQHandler                          0x08000257   Thumb Code     0  startup_stm32f072xb.o(.text)
    __user_initial_stackheap                 0x08000259   Thumb Code     0  startup_stm32f072xb.o(.text)
    __aeabi_uldivmod                         0x0800027d   Thumb Code   258  lludiv.o(.text)
    _ll_udiv                                 0x0800027d   Thumb Code     0  lludiv.o(.text)
    vsnprintf                                0x08000381   Thumb Code    50  vsnprintf.o(.text)
    _memset_w                                0x080003b9   Thumb Code    26  rt_memclr.o(.text)
    _memset                                  0x080003d3   Thumb Code    30  rt_memclr.o(.text)
    __aeabi_memclr                           0x080003f1   Thumb Code     4  rt_memclr.o(.text)
    __rt_memclr                              0x080003f1   Thumb Code     0  rt_memclr.o(.text)
    __aeabi_memclr4                          0x080003f5   Thumb Code     0  rt_memclr.o(.text)
    __aeabi_memclr8                          0x080003f5   Thumb Code     0  rt_memclr.o(.text)
    __rt_memclr_w                            0x080003f5   Thumb Code     4  rt_memclr.o(.text)
    __aeabi_uidiv                            0x080003f9   Thumb Code     0  aeabi_sdiv.o(.text)
    __aeabi_uidivmod                         0x080003f9   Thumb Code    20  aeabi_sdiv.o(.text)
    __aeabi_idiv                             0x0800040d   Thumb Code     0  aeabi_sdiv.o(.text)
    __aeabi_idivmod                          0x0800040d   Thumb Code   326  aeabi_sdiv.o(.text)
    __use_two_region_memory                  0x08000553   Thumb Code     2  heapauxi.o(.text)
    __rt_heap_escrow$2region                 0x08000555   Thumb Code     2  heapauxi.o(.text)
    __rt_heap_expand$2region                 0x08000557   Thumb Code     2  heapauxi.o(.text)
    _printf_pre_padding                      0x08000559   Thumb Code    44  _printf_pad.o(.text)
    _printf_post_padding                     0x08000585   Thumb Code    34  _printf_pad.o(.text)
    _printf_truncate_signed                  0x080005a7   Thumb Code    18  _printf_truncate.o(.text)
    _printf_truncate_unsigned                0x080005b9   Thumb Code    18  _printf_truncate.o(.text)
    _printf_str                              0x080005cb   Thumb Code    82  _printf_str.o(.text)
    _printf_int_dec                          0x0800061d   Thumb Code    90  _printf_dec.o(.text)
    _printf_charcount                        0x08000689   Thumb Code    38  _printf_charcount.o(.text)
    _printf_char_common                      0x080006bb   Thumb Code    32  _printf_char_common.o(.text)
    _sputc                                   0x080006e1   Thumb Code    10  _sputc.o(.text)
    _snputc                                  0x080006eb   Thumb Code    16  _snputc.o(.text)
    _printf_wctomb                           0x080006fd   Thumb Code   182  _printf_wctomb.o(.text)
    _printf_longlong_dec                     0x080007b9   Thumb Code    94  _printf_longlong_dec.o(.text)
    _printf_longlong_oct                     0x08000829   Thumb Code    68  _printf_oct_int_ll.o(.text)
    _printf_int_oct                          0x0800086d   Thumb Code    24  _printf_oct_int_ll.o(.text)
    _printf_ll_oct                           0x08000885   Thumb Code    10  _printf_oct_int_ll.o(.text)
    _printf_longlong_hex                     0x08000899   Thumb Code    88  _printf_hex_int_ll_ptr.o(.text)
    _printf_int_hex                          0x080008f1   Thumb Code    28  _printf_hex_int_ll_ptr.o(.text)
    _printf_ll_hex                           0x0800090d   Thumb Code    10  _printf_hex_int_ll_ptr.o(.text)
    _printf_hex_ptr                          0x08000917   Thumb Code    22  _printf_hex_int_ll_ptr.o(.text)
    __printf                                 0x08000931   Thumb Code   386  __printf_flags_ss_wp.o(.text)
    _ll_udiv10                               0x08000ab9   Thumb Code   122  lludiv10.o(.text)
    _printf_int_common                       0x08000b33   Thumb Code   176  _printf_intcommon.o(.text)
    __lib_sel_fp_printf                      0x08000be5   Thumb Code     2  _printf_fp_dec.o(.text)
    _printf_fp_dec_real                      0x08000d83   Thumb Code   620  _printf_fp_dec.o(.text)
    _printf_fp_hex_real                      0x08000ffd   Thumb Code   718  _printf_fp_hex.o(.text)
    _printf_cs_common                        0x080012d5   Thumb Code    22  _printf_char.o(.text)
    _printf_char                             0x080012eb   Thumb Code    16  _printf_char.o(.text)
    _printf_string                           0x080012fb   Thumb Code     8  _printf_char.o(.text)
    _printf_lcs_common                       0x08001303   Thumb Code    22  _printf_wchar.o(.text)
    _printf_wchar                            0x08001319   Thumb Code    16  _printf_wchar.o(.text)
    _printf_wstring                          0x08001329   Thumb Code     8  _printf_wchar.o(.text)
    _wcrtomb                                 0x08001331   Thumb Code    64  _wcrtomb.o(.text)
    __rt_udiv10                              0x08001371   Thumb Code    40  rtudiv10.o(.text)
    __user_setup_stackheap                   0x08001399   Thumb Code    62  sys_stackheap_outer.o(.text)
    __rt_ctype_table                         0x080013d9   Thumb Code    16  rt_ctype_table.o(.text)
    __rt_locale                              0x080013e9   Thumb Code     8  rt_locale_intlibspace.o(.text)
    _printf_fp_infnan                        0x080013f1   Thumb Code   120  _printf_fp_infnan.o(.text)
    _btod_etento                             0x08001479   Thumb Code   210  bigflt0.o(.text)
    _btod_d2e                                0x08001551   Thumb Code    64  btod.o(.text)
    _btod_emul                               0x08001985   Thumb Code    28  btod.o(.text)
    _btod_emuld                              0x080019a1   Thumb Code   144  btod.o(.text)
    _btod_ediv                               0x08001a31   Thumb Code    26  btod.o(.text)
    _btod_edivd                              0x08001a4b   Thumb Code   124  btod.o(.text)
    exit                                     0x08001ad1   Thumb Code    16  exit.o(.text)
    __user_libspace                          0x08001ae1   Thumb Code     8  libspace.o(.text)
    __user_perproc_libspace                  0x08001ae1   Thumb Code     0  libspace.o(.text)
    __user_perthread_libspace                0x08001ae1   Thumb Code     0  libspace.o(.text)
    strcmp                                   0x08001ae9   Thumb Code   132  strcmp.o(.text)
    _sys_exit                                0x08001b71   Thumb Code     8  sys_exit.o(.text)
    __I$use$semihosting                      0x08001b7d   Thumb Code     0  use_no_semi.o(.text)
    __use_no_semihosting_swi                 0x08001b7d   Thumb Code     2  use_no_semi.o(.text)
    __decompress                             0x08001b7f   Thumb Code     0  __dczerorl2.o(.text)
    __decompress1                            0x08001b7f   Thumb Code    86  __dczerorl2.o(.text)
    __semihosting_library_function           0x08001b7f   Thumb Code     0  indicate_semi.o(.text)
    CDC_Transmit_FS                          0x08001d39   Thumb Code    40  usbd_cdc_if.o(i.CDC_Transmit_FS)
    DMA1_Channel1_IRQHandler                 0x08001d69   Thumb Code    10  stm32f0xx_it.o(i.DMA1_Channel1_IRQHandler)
    Error_Handler                            0x08001dc5   Thumb Code     4  main.o(i.Error_Handler)
    HAL_ADC_ConfigChannel                    0x08001dc9   Thumb Code   284  stm32f0xx_hal_adc.o(i.HAL_ADC_ConfigChannel)
    HAL_ADC_ConvCpltCallback                 0x08001ef5   Thumb Code     2  stm32f0xx_hal_adc.o(i.HAL_ADC_ConvCpltCallback)
    HAL_ADC_ConvHalfCpltCallback             0x08001ef7   Thumb Code     2  stm32f0xx_hal_adc.o(i.HAL_ADC_ConvHalfCpltCallback)
    HAL_ADC_ErrorCallback                    0x08001ef9   Thumb Code     2  stm32f0xx_hal_adc.o(i.HAL_ADC_ErrorCallback)
    HAL_ADC_Init                             0x08001efd   Thumb Code   366  stm32f0xx_hal_adc.o(i.HAL_ADC_Init)
    HAL_ADC_MspInit                          0x08002075   Thumb Code   126  adc.o(i.HAL_ADC_MspInit)
    HAL_ADC_Start_DMA                        0x08002105   Thumb Code   144  stm32f0xx_hal_adc.o(i.HAL_ADC_Start_DMA)
    HAL_DMA_IRQHandler                       0x080021a5   Thumb Code   156  stm32f0xx_hal_dma.o(i.HAL_DMA_IRQHandler)
    HAL_DMA_Init                             0x08002241   Thumb Code    78  stm32f0xx_hal_dma.o(i.HAL_DMA_Init)
    HAL_DMA_Start_IT                         0x08002295   Thumb Code   106  stm32f0xx_hal_dma.o(i.HAL_DMA_Start_IT)
    HAL_Delay                                0x08002301   Thumb Code    32  stm32f0xx_hal.o(i.HAL_Delay)
    HAL_GPIO_Init                            0x08002325   Thumb Code   406  stm32f0xx_hal_gpio.o(i.HAL_GPIO_Init)
    HAL_GetTick                              0x080024d9   Thumb Code     6  stm32f0xx_hal.o(i.HAL_GetTick)
    HAL_IncTick                              0x080024e5   Thumb Code    12  stm32f0xx_hal.o(i.HAL_IncTick)
    HAL_Init                                 0x080024f5   Thumb Code    26  stm32f0xx_hal.o(i.HAL_Init)
    HAL_InitTick                             0x08002515   Thumb Code    58  stm32f0xx_hal.o(i.HAL_InitTick)
    HAL_MspInit                              0x08002559   Thumb Code    34  stm32f0xx_hal_msp.o(i.HAL_MspInit)
    HAL_NVIC_EnableIRQ                       0x08002581   Thumb Code    18  stm32f0xx_hal_cortex.o(i.HAL_NVIC_EnableIRQ)
    HAL_NVIC_SetPriority                     0x08002599   Thumb Code     8  stm32f0xx_hal_cortex.o(i.HAL_NVIC_SetPriority)
    HAL_PCDEx_ActivateLPM                    0x080025a1   Thumb Code    44  stm32f0xx_hal_pcd_ex.o(i.HAL_PCDEx_ActivateLPM)
    HAL_PCDEx_LPM_Callback                   0x080025cd   Thumb Code     2  stm32f0xx_hal_pcd_ex.o(i.HAL_PCDEx_LPM_Callback)
    HAL_PCDEx_PMAConfig                      0x080025cf   Thumb Code    58  stm32f0xx_hal_pcd_ex.o(i.HAL_PCDEx_PMAConfig)
    HAL_PCD_DataInStageCallback              0x08002609   Thumb Code    24  usbd_conf.o(i.HAL_PCD_DataInStageCallback)
    HAL_PCD_DataOutStageCallback             0x08002621   Thumb Code    28  usbd_conf.o(i.HAL_PCD_DataOutStageCallback)
    HAL_PCD_EP_Close                         0x0800263d   Thumb Code    68  stm32f0xx_hal_pcd.o(i.HAL_PCD_EP_Close)
    HAL_PCD_EP_ClrStall                      0x08002681   Thumb Code    84  stm32f0xx_hal_pcd.o(i.HAL_PCD_EP_ClrStall)
    HAL_PCD_EP_GetRxCount                    0x08002b0d   Thumb Code    18  stm32f0xx_hal_pcd.o(i.HAL_PCD_EP_GetRxCount)
    HAL_PCD_EP_Open                          0x08002b1f   Thumb Code    78  stm32f0xx_hal_pcd.o(i.HAL_PCD_EP_Open)
    HAL_PCD_EP_Receive                       0x08002b6d   Thumb Code    38  stm32f0xx_hal_pcd.o(i.HAL_PCD_EP_Receive)
    HAL_PCD_EP_SetStall                      0x08002b93   Thumb Code    84  stm32f0xx_hal_pcd.o(i.HAL_PCD_EP_SetStall)
    HAL_PCD_EP_Transmit                      0x08002be7   Thumb Code    44  stm32f0xx_hal_pcd.o(i.HAL_PCD_EP_Transmit)
    HAL_PCD_IRQHandler                       0x08002c15   Thumb Code   316  stm32f0xx_hal_pcd.o(i.HAL_PCD_IRQHandler)
    HAL_PCD_Init                             0x08002d6d   Thumb Code   148  stm32f0xx_hal_pcd.o(i.HAL_PCD_Init)
    HAL_PCD_MspInit                          0x08002e01   Thumb Code    46  usbd_conf.o(i.HAL_PCD_MspInit)
    HAL_PCD_ResetCallback                    0x08002e39   Thumb Code    38  usbd_conf.o(i.HAL_PCD_ResetCallback)
    HAL_PCD_ResumeCallback                   0x08002e61   Thumb Code    38  usbd_conf.o(i.HAL_PCD_ResumeCallback)
    HAL_PCD_SOFCallback                      0x08002e8d   Thumb Code    16  usbd_conf.o(i.HAL_PCD_SOFCallback)
    HAL_PCD_SetAddress                       0x08002e9d   Thumb Code    36  stm32f0xx_hal_pcd.o(i.HAL_PCD_SetAddress)
    HAL_PCD_SetupStageCallback               0x08002ec1   Thumb Code    24  usbd_conf.o(i.HAL_PCD_SetupStageCallback)
    HAL_PCD_Start                            0x08002ed9   Thumb Code    42  stm32f0xx_hal_pcd.o(i.HAL_PCD_Start)
    HAL_PCD_SuspendCallback                  0x08002f05   Thumb Code    34  usbd_conf.o(i.HAL_PCD_SuspendCallback)
    HAL_RCCEx_PeriphCLKConfig                0x08002f2d   Thumb Code   274  stm32f0xx_hal_rcc_ex.o(i.HAL_RCCEx_PeriphCLKConfig)
    HAL_RCC_ClockConfig                      0x0800304d   Thumb Code   252  stm32f0xx_hal_rcc.o(i.HAL_RCC_ClockConfig)
    HAL_RCC_GetSysClockFreq                  0x0800315d   Thumb Code    86  stm32f0xx_hal_rcc.o(i.HAL_RCC_GetSysClockFreq)
    HAL_RCC_OscConfig                        0x080031c5   Thumb Code  1028  stm32f0xx_hal_rcc.o(i.HAL_RCC_OscConfig)
    HAL_SYSTICK_Config                       0x080035c9   Thumb Code    38  stm32f0xx_hal_cortex.o(i.HAL_SYSTICK_Config)
    HAL_TIMEx_MasterConfigSynchronization    0x080035f9   Thumb Code    84  stm32f0xx_hal_tim_ex.o(i.HAL_TIMEx_MasterConfigSynchronization)
    HAL_TIM_Base_Init                        0x08003659   Thumb Code    72  stm32f0xx_hal_tim.o(i.HAL_TIM_Base_Init)
    HAL_TIM_Base_MspInit                     0x080036a1   Thumb Code    30  tim.o(i.HAL_TIM_Base_MspInit)
    HAL_TIM_Base_Start                       0x080036c5   Thumb Code    66  stm32f0xx_hal_tim.o(i.HAL_TIM_Base_Start)
    HAL_TIM_ConfigClockSource                0x08003715   Thumb Code   220  stm32f0xx_hal_tim.o(i.HAL_TIM_ConfigClockSource)
    HAL_TIM_MspPostInit                      0x080037f1   Thumb Code   100  tim.o(i.HAL_TIM_MspPostInit)
    HAL_TIM_PWM_ConfigChannel                0x08003861   Thumb Code   208  stm32f0xx_hal_tim.o(i.HAL_TIM_PWM_ConfigChannel)
    HAL_TIM_PWM_Init                         0x08003931   Thumb Code    72  stm32f0xx_hal_tim.o(i.HAL_TIM_PWM_Init)
    HAL_TIM_PWM_MspInit                      0x08003979   Thumb Code     2  stm32f0xx_hal_tim.o(i.HAL_TIM_PWM_MspInit)
    HardFault_Handler                        0x0800397b   Thumb Code     2  stm32f0xx_it.o(i.HardFault_Handler)
    MX_ADC_Init                              0x080039a9   Thumb Code   116  adc.o(i.MX_ADC_Init)
    MX_DMA_Init                              0x08003a25   Thumb Code    36  dma.o(i.MX_DMA_Init)
    MX_GPIO_Init                             0x08003a4d   Thumb Code    50  gpio.o(i.MX_GPIO_Init)
    MX_TIM2_Init                             0x08003a85   Thumb Code   208  tim.o(i.MX_TIM2_Init)
    MX_USB_DEVICE_Init                       0x08003b5d   Thumb Code    68  usb_device.o(i.MX_USB_DEVICE_Init)
    NMI_Handler                              0x08003bb1   Thumb Code     2  stm32f0xx_it.o(i.NMI_Handler)
    PendSV_Handler                           0x08003f3d   Thumb Code     2  stm32f0xx_it.o(i.PendSV_Handler)
    SVC_Handler                              0x08003f3f   Thumb Code     2  stm32f0xx_it.o(i.SVC_Handler)
    SysTick_Handler                          0x08003f41   Thumb Code     8  stm32f0xx_it.o(i.SysTick_Handler)
    SystemClock_Config                       0x08003f49   Thumb Code   126  main.o(i.SystemClock_Config)
    SystemInit                               0x08003fc7   Thumb Code     2  system_stm32f0xx.o(i.SystemInit)
    TIM_Base_SetConfig                       0x08003fc9   Thumb Code   138  stm32f0xx_hal_tim.o(i.TIM_Base_SetConfig)
    TIM_ETR_SetConfig                        0x0800406d   Thumb Code    22  stm32f0xx_hal_tim.o(i.TIM_ETR_SetConfig)
    TIM_OC2_SetConfig                        0x0800411d   Thumb Code   110  stm32f0xx_hal_tim.o(i.TIM_OC2_SetConfig)
    USBD_CDC_GetDeviceQualifierDescriptor    0x080043cd   Thumb Code     8  usbd_cdc.o(i.USBD_CDC_GetDeviceQualifierDescriptor)
    USBD_CDC_ReceivePacket                   0x08004497   Thumb Code    58  usbd_cdc.o(i.USBD_CDC_ReceivePacket)
    USBD_CDC_RegisterInterface               0x080044d1   Thumb Code    20  usbd_cdc.o(i.USBD_CDC_RegisterInterface)
    USBD_CDC_SetRxBuffer                     0x080044e5   Thumb Code    20  usbd_cdc.o(i.USBD_CDC_SetRxBuffer)
    USBD_CDC_SetTxBuffer                     0x080044f9   Thumb Code    22  usbd_cdc.o(i.USBD_CDC_SetTxBuffer)
    USBD_CDC_TransmitPacket                  0x080045b7   Thumb Code    58  usbd_cdc.o(i.USBD_CDC_TransmitPacket)
    USBD_ClrClassConfig                      0x080045f1   Thumb Code    18  usbd_core.o(i.USBD_ClrClassConfig)
    USBD_CtlContinueRx                       0x08004603   Thumb Code    16  usbd_ioreq.o(i.USBD_CtlContinueRx)
    USBD_CtlContinueSendData                 0x08004613   Thumb Code    16  usbd_ioreq.o(i.USBD_CtlContinueSendData)
    USBD_CtlError                            0x08004623   Thumb Code    20  usbd_ctlreq.o(i.USBD_CtlError)
    USBD_CtlPrepareRx                        0x08004637   Thumb Code    34  usbd_ioreq.o(i.USBD_CtlPrepareRx)
    USBD_CtlReceiveStatus                    0x08004659   Thumb Code    24  usbd_ioreq.o(i.USBD_CtlReceiveStatus)
    USBD_CtlSendData                         0x08004671   Thumb Code    30  usbd_ioreq.o(i.USBD_CtlSendData)
    USBD_CtlSendStatus                       0x0800468f   Thumb Code    26  usbd_ioreq.o(i.USBD_CtlSendStatus)
    USBD_FS_ConfigStrDescriptor              0x080046a9   Thumb Code    16  usbd_desc.o(i.USBD_FS_ConfigStrDescriptor)
    USBD_FS_DeviceDescriptor                 0x080046c9   Thumb Code     8  usbd_desc.o(i.USBD_FS_DeviceDescriptor)
    USBD_FS_InterfaceStrDescriptor           0x080046d5   Thumb Code    16  usbd_desc.o(i.USBD_FS_InterfaceStrDescriptor)
    USBD_FS_LangIDStrDescriptor              0x080046f9   Thumb Code     8  usbd_desc.o(i.USBD_FS_LangIDStrDescriptor)
    USBD_FS_ManufacturerStrDescriptor        0x08004705   Thumb Code    16  usbd_desc.o(i.USBD_FS_ManufacturerStrDescriptor)
    USBD_FS_ProductStrDescriptor             0x0800472d   Thumb Code    16  usbd_desc.o(i.USBD_FS_ProductStrDescriptor)
    USBD_FS_SerialStrDescriptor              0x08004759   Thumb Code    44  usbd_desc.o(i.USBD_FS_SerialStrDescriptor)
    USBD_GetString                           0x08004875   Thumb Code    70  usbd_ctlreq.o(i.USBD_GetString)
    USBD_Init                                0x080048d3   Thumb Code    46  usbd_core.o(i.USBD_Init)
    USBD_LL_ClearStallEP                     0x08004901   Thumb Code    20  usbd_conf.o(i.USBD_LL_ClearStallEP)
    USBD_LL_CloseEP                          0x08004915   Thumb Code    20  usbd_conf.o(i.USBD_LL_CloseEP)
    USBD_LL_DataInStage                      0x08004929   Thumb Code   198  usbd_core.o(i.USBD_LL_DataInStage)
    USBD_LL_DataOutStage                     0x080049ef   Thumb Code   130  usbd_core.o(i.USBD_LL_DataOutStage)
    USBD_LL_GetRxDataSize                    0x08004a71   Thumb Code    16  usbd_conf.o(i.USBD_LL_GetRxDataSize)
    USBD_LL_Init                             0x08004a81   Thumb Code   120  usbd_conf.o(i.USBD_LL_Init)
    USBD_LL_IsStallEP                        0x08004b05   Thumb Code    32  usbd_conf.o(i.USBD_LL_IsStallEP)
    USBD_LL_OpenEP                           0x08004b25   Thumb Code    26  usbd_conf.o(i.USBD_LL_OpenEP)
    USBD_LL_PrepareReceive                   0x08004b3f   Thumb Code    20  usbd_conf.o(i.USBD_LL_PrepareReceive)
    USBD_LL_Reset                            0x08004b53   Thumb Code    78  usbd_core.o(i.USBD_LL_Reset)
    USBD_LL_Resume                           0x08004ba1   Thumb Code    20  usbd_core.o(i.USBD_LL_Resume)
    USBD_LL_SOF                              0x08004bb5   Thumb Code    28  usbd_core.o(i.USBD_LL_SOF)
    USBD_LL_SetSpeed                         0x08004bd1   Thumb Code     6  usbd_core.o(i.USBD_LL_SetSpeed)
    USBD_LL_SetUSBAddress                    0x08004bd7   Thumb Code    20  usbd_conf.o(i.USBD_LL_SetUSBAddress)
    USBD_LL_SetupStage                       0x08004beb   Thumb Code    96  usbd_core.o(i.USBD_LL_SetupStage)
    USBD_LL_StallEP                          0x08004c4b   Thumb Code    20  usbd_conf.o(i.USBD_LL_StallEP)
    USBD_LL_Start                            0x08004c5f   Thumb Code    20  usbd_conf.o(i.USBD_LL_Start)
    USBD_LL_Suspend                          0x08004c73   Thumb Code    18  usbd_core.o(i.USBD_LL_Suspend)
    USBD_LL_Transmit                         0x08004c85   Thumb Code    20  usbd_conf.o(i.USBD_LL_Transmit)
    USBD_ParseSetupRequest                   0x08004c99   Thumb Code    40  usbd_ctlreq.o(i.USBD_ParseSetupRequest)
    USBD_RegisterClass                       0x08004cc1   Thumb Code    22  usbd_core.o(i.USBD_RegisterClass)
    USBD_SetClassConfig                      0x08004cd7   Thumb Code    30  usbd_core.o(i.USBD_SetClassConfig)
    USBD_Start                               0x08004d79   Thumb Code    10  usbd_core.o(i.USBD_Start)
    USBD_StdDevReq                           0x08004d83   Thumb Code   266  usbd_ctlreq.o(i.USBD_StdDevReq)
    USBD_StdEPReq                            0x08004e8d   Thumb Code   362  usbd_ctlreq.o(i.USBD_StdEPReq)
    USBD_StdItfReq                           0x08004ff7   Thumb Code    84  usbd_ctlreq.o(i.USBD_StdItfReq)
    USBD_static_free                         0x0800504b   Thumb Code     2  usbd_conf.o(i.USBD_static_free)
    USBD_static_malloc                       0x0800504d   Thumb Code     4  usbd_conf.o(i.USBD_static_malloc)
    USB_ActivateEndpoint                     0x08005055   Thumb Code   600  stm32f0xx_ll_usb.o(i.USB_ActivateEndpoint)
    USB_DeactivateEndpoint                   0x080052c9   Thumb Code   226  stm32f0xx_ll_usb.o(i.USB_DeactivateEndpoint)
    USB_DevConnect                           0x080053b9   Thumb Code    16  stm32f0xx_ll_usb.o(i.USB_DevConnect)
    USB_DevInit                              0x080053c9   Thumb Code    18  stm32f0xx_ll_usb.o(i.USB_DevInit)
    USB_DisableGlobalInt                     0x080053dd   Thumb Code    14  stm32f0xx_ll_usb.o(i.USB_DisableGlobalInt)
    USB_EPClearStall                         0x080053f1   Thumb Code   110  stm32f0xx_ll_usb.o(i.USB_EPClearStall)
    USB_EPSetStall                           0x0800546d   Thumb Code    42  stm32f0xx_ll_usb.o(i.USB_EPSetStall)
    USB_EPStartXfer                          0x080054a5   Thumb Code  1270  stm32f0xx_ll_usb.o(i.USB_EPStartXfer)
    USB_EnableGlobalInt                      0x080059ad   Thumb Code    14  stm32f0xx_ll_usb.o(i.USB_EnableGlobalInt)
    USB_IRQHandler                           0x080059c1   Thumb Code    10  stm32f0xx_it.o(i.USB_IRQHandler)
    USB_ReadInterrupts                       0x080059d1   Thumb Code     6  stm32f0xx_ll_usb.o(i.USB_ReadInterrupts)
    USB_ReadPMA                              0x080059d7   Thumb Code    42  stm32f0xx_ll_usb.o(i.USB_ReadPMA)
    USB_SetDevAddress                        0x08005a01   Thumb Code    14  stm32f0xx_ll_usb.o(i.USB_SetDevAddress)
    USB_WritePMA                             0x08005a0f   Thumb Code    38  stm32f0xx_ll_usb.o(i.USB_WritePMA)
    __ARM_common_ll_muluu                    0x08005a35   Thumb Code    48  stm32f0xx_hal_rcc.o(i.__ARM_common_ll_muluu)
    __ARM_common_switch8                     0x08005a65   Thumb Code    26  stm32f0xx_hal_dma.o(i.__ARM_common_switch8)
    __ARM_fpclassify                         0x08005a81   Thumb Code    40  fpclassify.o(i.__ARM_fpclassify)
    _is_digit                                0x08005af1   Thumb Code    14  __printf_wp.o(i._is_digit)
    main                                     0x08005b01   Thumb Code    86  main.o(i.main)
    usb_printf                               0x08005b89   Thumb Code    34  usb_printf.o(i.usb_printf)
    _get_lc_numeric                          0x08005bb1   Thumb Code    44  lc_numeric_c.o(locale$$code)
    _get_lc_ctype                            0x08005bdd   Thumb Code    44  lc_ctype_c.o(locale$$code)
    _printf_fp_dec                           0x08005c09   Thumb Code    16  printf1.o(x$fpl$printf1)
    _printf_fp_hex                           0x08005c19   Thumb Code    16  printf2.o(x$fpl$printf2)
    __I$use$fp                               0x08005c28   Number         0  usenofp.o(x$fpl$usenofp)
    AHBPrescTable                            0x08005c48   Data          16  system_stm32f0xx.o(.constdata)
    Region$$Table$$Base                      0x08005d54   Number         0  anon$$obj.o(Region$$Table)
    Region$$Table$$Limit                     0x08005d74   Number         0  anon$$obj.o(Region$$Table)
    __ctype                                  0x08005d9d   Data           0  lc_ctype_c.o(locale$$data)
    uwTickFreq                               0x20000000   Data           1  stm32f0xx_hal.o(.data)
    uwTickPrio                               0x20000004   Data           4  stm32f0xx_hal.o(.data)
    uwTick                                   0x20000008   Data           4  stm32f0xx_hal.o(.data)
    SystemCoreClock                          0x2000000c   Data           4  system_stm32f0xx.o(.data)
    FS_Desc                                  0x20000010   Data          28  usbd_desc.o(.data)
    USBD_LangIDDesc                          0x2000002c   Data           4  usbd_desc.o(.data)
    USBD_FS_DeviceDesc                       0x20000030   Data          18  usbd_desc.o(.data)
    USBD_StringSerial                        0x20000044   Data          26  usbd_desc.o(.data)
    USBD_Interface_fops_FS                   0x20000060   Data          16  usbd_cdc_if.o(.data)
    USBD_CDC_CfgHSDesc                       0x20000080   Data          67  usbd_cdc.o(.data)
    USBD_CDC_CfgFSDesc                       0x200000c4   Data          67  usbd_cdc.o(.data)
    USBD_CDC_OtherSpeedCfgDesc               0x20000108   Data          67  usbd_cdc.o(.data)
    USBD_CDC                                 0x2000014c   Data          56  usbd_cdc.o(.data)
    hadc                                     0x20000184   Data          64  adc.o(.bss)
    hdma_adc                                 0x200001c4   Data          68  adc.o(.bss)
    htim2                                    0x20000208   Data          72  tim.o(.bss)
    hUsbDeviceFS                             0x20000250   Data         708  usb_device.o(.bss)
    USBD_StrDesc                             0x20000514   Data         512  usbd_desc.o(.bss)
    UserRxBufferFS                           0x20000714   Data        1024  usbd_cdc_if.o(.bss)
    UserTxBufferFS                           0x20000b14   Data        1024  usbd_cdc_if.o(.bss)
    hpcd_USB_FS                              0x20001134   Data         732  usbd_conf.o(.bss)
    __libspace_start                         0x20001410   Data          96  libspace.o(.bss)
    __temporary_stack_top$libspace           0x20001470   Data           0  libspace.o(.bss)



==============================================================================

Memory Map of the image

  Image Entry point : 0x080000c1

  Load Region LR_IROM1 (Base: 0x08000000, Size: 0x00006024, Max: 0x00020000, ABSOLUTE, COMPRESSED[0x00005f60])

    Execution Region ER_IROM1 (Exec base: 0x08000000, Load base: 0x08000000, Size: 0x00005ea0, Max: 0x00020000, ABSOLUTE)

    Exec Addr    Load Addr    Size         Type   Attr      Idx    E Section Name        Object

    0x08000000   0x08000000   0x000000c0   Data   RO            3    RESET               startup_stm32f072xb.o
    0x080000c0   0x080000c0   0x00000008   Code   RO         4307  * !!!main             c_p.l(__main.o)
    0x080000c8   0x080000c8   0x0000003c   Code   RO         4630    !!!scatter          c_p.l(__scatter.o)
    0x08000104   0x08000104   0x0000001c   Code   RO         4632    !!handler_zi        c_p.l(__scatter_zi.o)
    0x08000120   0x08000120   0x00000002   Code   RO         4401    .ARM.Collect$$_printf_percent$$00000000  c_p.l(_printf_percent.o)
    0x08000122   0x08000122   0x0000000a   Code   RO         4390    .ARM.Collect$$_printf_percent$$00000001  c_p.l(_printf_n.o)
    0x0800012c   0x0800012c   0x0000000a   Code   RO         4392    .ARM.Collect$$_printf_percent$$00000002  c_p.l(_printf_p.o)
    0x08000136   0x08000136   0x0000000a   Code   RO         4397    .ARM.Collect$$_printf_percent$$00000003  c_p.l(_printf_f.o)
    0x08000140   0x08000140   0x0000000a   Code   RO         4398    .ARM.Collect$$_printf_percent$$00000004  c_p.l(_printf_e.o)
    0x0800014a   0x0800014a   0x0000000a   Code   RO         4399    .ARM.Collect$$_printf_percent$$00000005  c_p.l(_printf_g.o)
    0x08000154   0x08000154   0x0000000a   Code   RO         4400    .ARM.Collect$$_printf_percent$$00000006  c_p.l(_printf_a.o)
    0x0800015e   0x0800015e   0x0000000a   Code   RO         4405    .ARM.Collect$$_printf_percent$$00000007  c_p.l(_printf_ll.o)
    0x08000168   0x08000168   0x0000000a   Code   RO         4394    .ARM.Collect$$_printf_percent$$00000008  c_p.l(_printf_i.o)
    0x08000172   0x08000172   0x0000000a   Code   RO         4395    .ARM.Collect$$_printf_percent$$00000009  c_p.l(_printf_d.o)
    0x0800017c   0x0800017c   0x0000000a   Code   RO         4396    .ARM.Collect$$_printf_percent$$0000000A  c_p.l(_printf_u.o)
    0x08000186   0x08000186   0x0000000a   Code   RO         4393    .ARM.Collect$$_printf_percent$$0000000B  c_p.l(_printf_o.o)
    0x08000190   0x08000190   0x0000000a   Code   RO         4391    .ARM.Collect$$_printf_percent$$0000000C  c_p.l(_printf_x.o)
    0x0800019a   0x0800019a   0x0000000a   Code   RO         4402    .ARM.Collect$$_printf_percent$$0000000D  c_p.l(_printf_lli.o)
    0x080001a4   0x080001a4   0x0000000a   Code   RO         4403    .ARM.Collect$$_printf_percent$$0000000E  c_p.l(_printf_lld.o)
    0x080001ae   0x080001ae   0x0000000a   Code   RO         4404    .ARM.Collect$$_printf_percent$$0000000F  c_p.l(_printf_llu.o)
    0x080001b8   0x080001b8   0x0000000a   Code   RO         4409    .ARM.Collect$$_printf_percent$$00000010  c_p.l(_printf_llo.o)
    0x080001c2   0x080001c2   0x0000000a   Code   RO         4410    .ARM.Collect$$_printf_percent$$00000011  c_p.l(_printf_llx.o)
    0x080001cc   0x080001cc   0x0000000a   Code   RO         4406    .ARM.Collect$$_printf_percent$$00000012  c_p.l(_printf_l.o)
    0x080001d6   0x080001d6   0x0000000a   Code   RO         4388    .ARM.Collect$$_printf_percent$$00000013  c_p.l(_printf_c.o)
    0x080001e0   0x080001e0   0x0000000a   Code   RO         4389    .ARM.Collect$$_printf_percent$$00000014  c_p.l(_printf_s.o)
    0x080001ea   0x080001ea   0x0000000a   Code   RO         4407    .ARM.Collect$$_printf_percent$$00000015  c_p.l(_printf_lc.o)
    0x080001f4   0x080001f4   0x0000000a   Code   RO         4408    .ARM.Collect$$_printf_percent$$00000016  c_p.l(_printf_ls.o)
    0x080001fe   0x080001fe   0x00000004   Code   RO         4451    .ARM.Collect$$_printf_percent$$00000017  c_p.l(_printf_percent_end.o)
    0x08000202   0x08000202   0x00000002   Code   RO         4487    .ARM.Collect$$libinit$$00000000  c_p.l(libinit.o)
    0x08000204   0x08000204   0x00000000   Code   RO         4511    .ARM.Collect$$libinit$$00000002  c_p.l(libinit2.o)
    0x08000204   0x08000204   0x00000000   Code   RO         4513    .ARM.Collect$$libinit$$00000004  c_p.l(libinit2.o)
    0x08000204   0x08000204   0x00000000   Code   RO         4516    .ARM.Collect$$libinit$$0000000A  c_p.l(libinit2.o)
    0x08000204   0x08000204   0x00000000   Code   RO         4518    .ARM.Collect$$libinit$$0000000C  c_p.l(libinit2.o)
    0x08000204   0x08000204   0x00000000   Code   RO         4520    .ARM.Collect$$libinit$$0000000E  c_p.l(libinit2.o)
    0x08000204   0x08000204   0x00000006   Code   RO         4521    .ARM.Collect$$libinit$$0000000F  c_p.l(libinit2.o)
    0x0800020a   0x0800020a   0x00000000   Code   RO         4523    .ARM.Collect$$libinit$$00000011  c_p.l(libinit2.o)
    0x0800020a   0x0800020a   0x0000000c   Code   RO         4524    .ARM.Collect$$libinit$$00000012  c_p.l(libinit2.o)
    0x08000216   0x08000216   0x00000000   Code   RO         4525    .ARM.Collect$$libinit$$00000013  c_p.l(libinit2.o)
    0x08000216   0x08000216   0x00000000   Code   RO         4527    .ARM.Collect$$libinit$$00000015  c_p.l(libinit2.o)
    0x08000216   0x08000216   0x0000000a   Code   RO         4528    .ARM.Collect$$libinit$$00000016  c_p.l(libinit2.o)
    0x08000220   0x08000220   0x00000000   Code   RO         4529    .ARM.Collect$$libinit$$00000017  c_p.l(libinit2.o)
    0x08000220   0x08000220   0x00000000   Code   RO         4531    .ARM.Collect$$libinit$$00000019  c_p.l(libinit2.o)
    0x08000220   0x08000220   0x00000000   Code   RO         4533    .ARM.Collect$$libinit$$0000001B  c_p.l(libinit2.o)
    0x08000220   0x08000220   0x00000000   Code   RO         4535    .ARM.Collect$$libinit$$0000001D  c_p.l(libinit2.o)
    0x08000220   0x08000220   0x00000000   Code   RO         4537    .ARM.Collect$$libinit$$0000001F  c_p.l(libinit2.o)
    0x08000220   0x08000220   0x00000000   Code   RO         4539    .ARM.Collect$$libinit$$00000021  c_p.l(libinit2.o)
    0x08000220   0x08000220   0x00000000   Code   RO         4541    .ARM.Collect$$libinit$$00000023  c_p.l(libinit2.o)
    0x08000220   0x08000220   0x00000000   Code   RO         4543    .ARM.Collect$$libinit$$00000025  c_p.l(libinit2.o)
    0x08000220   0x08000220   0x00000000   Code   RO         4547    .ARM.Collect$$libinit$$0000002C  c_p.l(libinit2.o)
    0x08000220   0x08000220   0x00000000   Code   RO         4549    .ARM.Collect$$libinit$$0000002E  c_p.l(libinit2.o)
    0x08000220   0x08000220   0x00000000   Code   RO         4551    .ARM.Collect$$libinit$$00000030  c_p.l(libinit2.o)
    0x08000220   0x08000220   0x00000000   Code   RO         4553    .ARM.Collect$$libinit$$00000032  c_p.l(libinit2.o)
    0x08000220   0x08000220   0x00000002   Code   RO         4554    .ARM.Collect$$libinit$$00000033  c_p.l(libinit2.o)
    0x08000222   0x08000222   0x00000002   Code   RO         4585    .ARM.Collect$$libshutdown$$00000000  c_p.l(libshutdown.o)
    0x08000224   0x08000224   0x00000000   Code   RO         4611    .ARM.Collect$$libshutdown$$00000002  c_p.l(libshutdown2.o)
    0x08000224   0x08000224   0x00000000   Code   RO         4613    .ARM.Collect$$libshutdown$$00000004  c_p.l(libshutdown2.o)
    0x08000224   0x08000224   0x00000000   Code   RO         4616    .ARM.Collect$$libshutdown$$00000007  c_p.l(libshutdown2.o)
    0x08000224   0x08000224   0x00000000   Code   RO         4619    .ARM.Collect$$libshutdown$$0000000A  c_p.l(libshutdown2.o)
    0x08000224   0x08000224   0x00000000   Code   RO         4621    .ARM.Collect$$libshutdown$$0000000C  c_p.l(libshutdown2.o)
    0x08000224   0x08000224   0x00000000   Code   RO         4624    .ARM.Collect$$libshutdown$$0000000F  c_p.l(libshutdown2.o)
    0x08000224   0x08000224   0x00000002   Code   RO         4625    .ARM.Collect$$libshutdown$$00000010  c_p.l(libshutdown2.o)
    0x08000226   0x08000226   0x00000000   Code   RO         4309    .ARM.Collect$$rtentry$$00000000  c_p.l(__rtentry.o)
    0x08000226   0x08000226   0x00000000   Code   RO         4420    .ARM.Collect$$rtentry$$00000002  c_p.l(__rtentry2.o)
    0x08000226   0x08000226   0x00000006   Code   RO         4432    .ARM.Collect$$rtentry$$00000004  c_p.l(__rtentry4.o)
    0x0800022c   0x0800022c   0x00000000   Code   RO         4422    .ARM.Collect$$rtentry$$00000009  c_p.l(__rtentry2.o)
    0x0800022c   0x0800022c   0x00000004   Code   RO         4423    .ARM.Collect$$rtentry$$0000000A  c_p.l(__rtentry2.o)
    0x08000230   0x08000230   0x00000000   Code   RO         4425    .ARM.Collect$$rtentry$$0000000C  c_p.l(__rtentry2.o)
    0x08000230   0x08000230   0x00000008   Code   RO         4426    .ARM.Collect$$rtentry$$0000000D  c_p.l(__rtentry2.o)
    0x08000238   0x08000238   0x00000002   Code   RO         4497    .ARM.Collect$$rtexit$$00000000  c_p.l(rtexit.o)
    0x0800023a   0x0800023a   0x00000000   Code   RO         4558    .ARM.Collect$$rtexit$$00000002  c_p.l(rtexit2.o)
    0x0800023a   0x0800023a   0x00000004   Code   RO         4559    .ARM.Collect$$rtexit$$00000003  c_p.l(rtexit2.o)
    0x0800023e   0x0800023e   0x00000006   Code   RO         4560    .ARM.Collect$$rtexit$$00000004  c_p.l(rtexit2.o)
    0x08000244   0x08000244   0x00000038   Code   RO            4    .text               startup_stm32f072xb.o
    0x0800027c   0x0800027c   0x00000102   Code   RO         4295    .text               c_p.l(lludiv.o)
    0x0800037e   0x0800037e   0x00000002   PAD
    0x08000380   0x08000380   0x00000038   Code   RO         4297    .text               c_p.l(vsnprintf.o)
    0x080003b8   0x080003b8   0x00000040   Code   RO         4299    .text               c_p.l(rt_memclr.o)
    0x080003f8   0x080003f8   0x0000015a   Code   RO         4301    .text               c_p.l(aeabi_sdiv.o)
    0x08000552   0x08000552   0x00000006   Code   RO         4305    .text               c_p.l(heapauxi.o)
    0x08000558   0x08000558   0x0000004e   Code   RO         4320    .text               c_p.l(_printf_pad.o)
    0x080005a6   0x080005a6   0x00000024   Code   RO         4322    .text               c_p.l(_printf_truncate.o)
    0x080005ca   0x080005ca   0x00000052   Code   RO         4324    .text               c_p.l(_printf_str.o)
    0x0800061c   0x0800061c   0x0000006c   Code   RO         4326    .text               c_p.l(_printf_dec.o)
    0x08000688   0x08000688   0x00000026   Code   RO         4328    .text               c_p.l(_printf_charcount.o)
    0x080006ae   0x080006ae   0x00000002   PAD
    0x080006b0   0x080006b0   0x00000030   Code   RO         4330    .text               c_p.l(_printf_char_common.o)
    0x080006e0   0x080006e0   0x0000000a   Code   RO         4332    .text               c_p.l(_sputc.o)
    0x080006ea   0x080006ea   0x00000010   Code   RO         4334    .text               c_p.l(_snputc.o)
    0x080006fa   0x080006fa   0x00000002   PAD
    0x080006fc   0x080006fc   0x000000bc   Code   RO         4336    .text               c_p.l(_printf_wctomb.o)
    0x080007b8   0x080007b8   0x00000070   Code   RO         4339    .text               c_p.l(_printf_longlong_dec.o)
    0x08000828   0x08000828   0x00000070   Code   RO         4345    .text               c_p.l(_printf_oct_int_ll.o)
    0x08000898   0x08000898   0x00000098   Code   RO         4365    .text               c_p.l(_printf_hex_int_ll_ptr.o)
    0x08000930   0x08000930   0x00000188   Code   RO         4385    .text               c_p.l(__printf_flags_ss_wp.o)
    0x08000ab8   0x08000ab8   0x0000007a   Code   RO         4436    .text               c_p.l(lludiv10.o)
    0x08000b32   0x08000b32   0x000000b0   Code   RO         4438    .text               c_p.l(_printf_intcommon.o)
    0x08000be2   0x08000be2   0x00000002   PAD
    0x08000be4   0x08000be4   0x00000418   Code   RO         4440    .text               c_p.l(_printf_fp_dec.o)
    0x08000ffc   0x08000ffc   0x000002d8   Code   RO         4442    .text               c_p.l(_printf_fp_hex.o)
    0x080012d4   0x080012d4   0x0000002e   Code   RO         4447    .text               c_p.l(_printf_char.o)
    0x08001302   0x08001302   0x0000002e   Code   RO         4449    .text               c_p.l(_printf_wchar.o)
    0x08001330   0x08001330   0x00000040   Code   RO         4452    .text               c_p.l(_wcrtomb.o)
    0x08001370   0x08001370   0x00000028   Code   RO         4454    .text               c_p.l(rtudiv10.o)
    0x08001398   0x08001398   0x0000003e   Code   RO         4456    .text               c_p.l(sys_stackheap_outer.o)
    0x080013d6   0x080013d6   0x00000002   PAD
    0x080013d8   0x080013d8   0x00000010   Code   RO         4459    .text               c_p.l(rt_ctype_table.o)
    0x080013e8   0x080013e8   0x00000008   Code   RO         4464    .text               c_p.l(rt_locale_intlibspace.o)
    0x080013f0   0x080013f0   0x00000088   Code   RO         4466    .text               c_p.l(_printf_fp_infnan.o)
    0x08001478   0x08001478   0x000000d8   Code   RO         4468    .text               c_p.l(bigflt0.o)
    0x08001550   0x08001550   0x00000580   Code   RO         4471    .text               c_p.l(btod.o)
    0x08001ad0   0x08001ad0   0x00000010   Code   RO         4476    .text               c_p.l(exit.o)
    0x08001ae0   0x08001ae0   0x00000008   Code   RO         4493    .text               c_p.l(libspace.o)
    0x08001ae8   0x08001ae8   0x00000088   Code   RO         4508    .text               c_p.l(strcmp.o)
    0x08001b70   0x08001b70   0x0000000c   Code   RO         4555    .text               c_p.l(sys_exit.o)
    0x08001b7c   0x08001b7c   0x00000002   Code   RO         4574    .text               c_p.l(use_no_semi.o)
    0x08001b7e   0x08001b7e   0x00000000   Code   RO         4576    .text               c_p.l(indicate_semi.o)
    0x08001b7e   0x08001b7e   0x00000056   Code   RO         4628    .text               c_p.l(__dczerorl2.o)
    0x08001bd4   0x08001bd4   0x0000006c   Code   RO         2339    i.ADC_DMAConvCplt   stm32f0xx_hal_adc.o
    0x08001c40   0x08001c40   0x0000001a   Code   RO         2340    i.ADC_DMAError      stm32f0xx_hal_adc.o
    0x08001c5a   0x08001c5a   0x0000000a   Code   RO         2341    i.ADC_DMAHalfConvCplt  stm32f0xx_hal_adc.o
    0x08001c64   0x08001c64   0x00000090   Code   RO         2343    i.ADC_Enable        stm32f0xx_hal_adc.o
    0x08001cf4   0x08001cf4   0x00000004   Code   RO         3659    i.CDC_Control_FS    usbd_cdc_if.o
    0x08001cf8   0x08001cf8   0x00000004   Code   RO         3660    i.CDC_DeInit_FS     usbd_cdc_if.o
    0x08001cfc   0x08001cfc   0x00000024   Code   RO         3661    i.CDC_Init_FS       usbd_cdc_if.o
    0x08001d20   0x08001d20   0x00000018   Code   RO         3662    i.CDC_Receive_FS    usbd_cdc_if.o
    0x08001d38   0x08001d38   0x00000030   Code   RO         3663    i.CDC_Transmit_FS   usbd_cdc_if.o
    0x08001d68   0x08001d68   0x00000010   Code   RO          310    i.DMA1_Channel1_IRQHandler  stm32f0xx_it.o
    0x08001d78   0x08001d78   0x00000024   Code   RO         1744    i.DMA_CalcBaseAndBitshift  stm32f0xx_hal_dma.o
    0x08001d9c   0x08001d9c   0x00000028   Code   RO         1745    i.DMA_SetConfig     stm32f0xx_hal_dma.o
    0x08001dc4   0x08001dc4   0x00000004   Code   RO           12    i.Error_Handler     main.o
    0x08001dc8   0x08001dc8   0x0000012c   Code   RO         2345    i.HAL_ADC_ConfigChannel  stm32f0xx_hal_adc.o
    0x08001ef4   0x08001ef4   0x00000002   Code   RO         2346    i.HAL_ADC_ConvCpltCallback  stm32f0xx_hal_adc.o
    0x08001ef6   0x08001ef6   0x00000002   Code   RO         2347    i.HAL_ADC_ConvHalfCpltCallback  stm32f0xx_hal_adc.o
    0x08001ef8   0x08001ef8   0x00000002   Code   RO         2349    i.HAL_ADC_ErrorCallback  stm32f0xx_hal_adc.o
    0x08001efa   0x08001efa   0x00000002   PAD
    0x08001efc   0x08001efc   0x00000178   Code   RO         2354    i.HAL_ADC_Init      stm32f0xx_hal_adc.o
    0x08002074   0x08002074   0x00000090   Code   RO          209    i.HAL_ADC_MspInit   adc.o
    0x08002104   0x08002104   0x000000a0   Code   RO         2361    i.HAL_ADC_Start_DMA  stm32f0xx_hal_adc.o
    0x080021a4   0x080021a4   0x0000009c   Code   RO         1751    i.HAL_DMA_IRQHandler  stm32f0xx_hal_dma.o
    0x08002240   0x08002240   0x00000054   Code   RO         1752    i.HAL_DMA_Init      stm32f0xx_hal_dma.o
    0x08002294   0x08002294   0x0000006a   Code   RO         1756    i.HAL_DMA_Start_IT  stm32f0xx_hal_dma.o
    0x080022fe   0x080022fe   0x00000002   PAD
    0x08002300   0x08002300   0x00000024   Code   RO         1011    i.HAL_Delay         stm32f0xx_hal.o
    0x08002324   0x08002324   0x000001b4   Code   RO         1685    i.HAL_GPIO_Init     stm32f0xx_hal_gpio.o
    0x080024d8   0x080024d8   0x0000000c   Code   RO         1015    i.HAL_GetTick       stm32f0xx_hal.o
    0x080024e4   0x080024e4   0x00000010   Code   RO         1021    i.HAL_IncTick       stm32f0xx_hal.o
    0x080024f4   0x080024f4   0x00000020   Code   RO         1022    i.HAL_Init          stm32f0xx_hal.o
    0x08002514   0x08002514   0x00000044   Code   RO         1023    i.HAL_InitTick      stm32f0xx_hal.o
    0x08002558   0x08002558   0x00000028   Code   RO          370    i.HAL_MspInit       stm32f0xx_hal_msp.o
    0x08002580   0x08002580   0x00000018   Code   RO         1844    i.HAL_NVIC_EnableIRQ  stm32f0xx_hal_cortex.o
    0x08002598   0x08002598   0x00000008   Code   RO         1848    i.HAL_NVIC_SetPriority  stm32f0xx_hal_cortex.o
    0x080025a0   0x080025a0   0x0000002c   Code   RO          764    i.HAL_PCDEx_ActivateLPM  stm32f0xx_hal_pcd_ex.o
    0x080025cc   0x080025cc   0x00000002   Code   RO          769    i.HAL_PCDEx_LPM_Callback  stm32f0xx_hal_pcd_ex.o
    0x080025ce   0x080025ce   0x0000003a   Code   RO          770    i.HAL_PCDEx_PMAConfig  stm32f0xx_hal_pcd_ex.o
    0x08002608   0x08002608   0x00000018   Code   RO         3708    i.HAL_PCD_DataInStageCallback  usbd_conf.o
    0x08002620   0x08002620   0x0000001c   Code   RO         3709    i.HAL_PCD_DataOutStageCallback  usbd_conf.o
    0x0800263c   0x0800263c   0x00000044   Code   RO          546    i.HAL_PCD_EP_Close  stm32f0xx_hal_pcd.o
    0x08002680   0x08002680   0x00000054   Code   RO          547    i.HAL_PCD_EP_ClrStall  stm32f0xx_hal_pcd.o
    0x080026d4   0x080026d4   0x000000e0   Code   RO          548    i.HAL_PCD_EP_DB_Receive  stm32f0xx_hal_pcd.o
    0x080027b4   0x080027b4   0x00000358   Code   RO          549    i.HAL_PCD_EP_DB_Transmit  stm32f0xx_hal_pcd.o
    0x08002b0c   0x08002b0c   0x00000012   Code   RO          551    i.HAL_PCD_EP_GetRxCount  stm32f0xx_hal_pcd.o
    0x08002b1e   0x08002b1e   0x0000004e   Code   RO          552    i.HAL_PCD_EP_Open   stm32f0xx_hal_pcd.o
    0x08002b6c   0x08002b6c   0x00000026   Code   RO          553    i.HAL_PCD_EP_Receive  stm32f0xx_hal_pcd.o
    0x08002b92   0x08002b92   0x00000054   Code   RO          554    i.HAL_PCD_EP_SetStall  stm32f0xx_hal_pcd.o
    0x08002be6   0x08002be6   0x0000002c   Code   RO          555    i.HAL_PCD_EP_Transmit  stm32f0xx_hal_pcd.o
    0x08002c12   0x08002c12   0x00000002   PAD
    0x08002c14   0x08002c14   0x00000158   Code   RO          557    i.HAL_PCD_IRQHandler  stm32f0xx_hal_pcd.o
    0x08002d6c   0x08002d6c   0x00000094   Code   RO          560    i.HAL_PCD_Init      stm32f0xx_hal_pcd.o
    0x08002e00   0x08002e00   0x00000038   Code   RO         3714    i.HAL_PCD_MspInit   usbd_conf.o
    0x08002e38   0x08002e38   0x00000026   Code   RO         3715    i.HAL_PCD_ResetCallback  usbd_conf.o
    0x08002e5e   0x08002e5e   0x00000002   PAD
    0x08002e60   0x08002e60   0x0000002c   Code   RO         3716    i.HAL_PCD_ResumeCallback  usbd_conf.o
    0x08002e8c   0x08002e8c   0x00000010   Code   RO         3717    i.HAL_PCD_SOFCallback  usbd_conf.o
    0x08002e9c   0x08002e9c   0x00000024   Code   RO          566    i.HAL_PCD_SetAddress  stm32f0xx_hal_pcd.o
    0x08002ec0   0x08002ec0   0x00000018   Code   RO         3718    i.HAL_PCD_SetupStageCallback  usbd_conf.o
    0x08002ed8   0x08002ed8   0x0000002a   Code   RO          568    i.HAL_PCD_Start     stm32f0xx_hal_pcd.o
    0x08002f02   0x08002f02   0x00000002   PAD
    0x08002f04   0x08002f04   0x00000028   Code   RO         3719    i.HAL_PCD_SuspendCallback  usbd_conf.o
    0x08002f2c   0x08002f2c   0x00000120   Code   RO          931    i.HAL_RCCEx_PeriphCLKConfig  stm32f0xx_hal_rcc_ex.o
    0x0800304c   0x0800304c   0x00000110   Code   RO          826    i.HAL_RCC_ClockConfig  stm32f0xx_hal_rcc.o
    0x0800315c   0x0800315c   0x00000068   Code   RO          834    i.HAL_RCC_GetSysClockFreq  stm32f0xx_hal_rcc.o
    0x080031c4   0x080031c4   0x00000404   Code   RO          837    i.HAL_RCC_OscConfig  stm32f0xx_hal_rcc.o
    0x080035c8   0x080035c8   0x00000030   Code   RO         1852    i.HAL_SYSTICK_Config  stm32f0xx_hal_cortex.o
    0x080035f8   0x080035f8   0x00000060   Code   RO         3255    i.HAL_TIMEx_MasterConfigSynchronization  stm32f0xx_hal_tim_ex.o
    0x08003658   0x08003658   0x00000048   Code   RO         2536    i.HAL_TIM_Base_Init  stm32f0xx_hal_tim.o
    0x080036a0   0x080036a0   0x00000024   Code   RO          267    i.HAL_TIM_Base_MspInit  tim.o
    0x080036c4   0x080036c4   0x00000050   Code   RO         2539    i.HAL_TIM_Base_Start  stm32f0xx_hal_tim.o
    0x08003714   0x08003714   0x000000dc   Code   RO         2545    i.HAL_TIM_ConfigClockSource  stm32f0xx_hal_tim.o
    0x080037f0   0x080037f0   0x00000070   Code   RO          268    i.HAL_TIM_MspPostInit  tim.o
    0x08003860   0x08003860   0x000000d0   Code   RO         2608    i.HAL_TIM_PWM_ConfigChannel  stm32f0xx_hal_tim.o
    0x08003930   0x08003930   0x00000048   Code   RO         2611    i.HAL_TIM_PWM_Init  stm32f0xx_hal_tim.o
    0x08003978   0x08003978   0x00000002   Code   RO         2613    i.HAL_TIM_PWM_MspInit  stm32f0xx_hal_tim.o
    0x0800397a   0x0800397a   0x00000002   Code   RO          311    i.HardFault_Handler  stm32f0xx_it.o
    0x0800397c   0x0800397c   0x0000002c   Code   RO         3577    i.IntToUnicode      usbd_desc.o
    0x080039a8   0x080039a8   0x0000007c   Code   RO          210    i.MX_ADC_Init       adc.o
    0x08003a24   0x08003a24   0x00000028   Code   RO          246    i.MX_DMA_Init       dma.o
    0x08003a4c   0x08003a4c   0x00000038   Code   RO          188    i.MX_GPIO_Init      gpio.o
    0x08003a84   0x08003a84   0x000000d8   Code   RO          269    i.MX_TIM2_Init      tim.o
    0x08003b5c   0x08003b5c   0x00000054   Code   RO         3533    i.MX_USB_DEVICE_Init  usb_device.o
    0x08003bb0   0x08003bb0   0x00000002   Code   RO          312    i.NMI_Handler       stm32f0xx_it.o
    0x08003bb2   0x08003bb2   0x00000002   PAD
    0x08003bb4   0x08003bb4   0x00000388   Code   RO          571    i.PCD_EP_ISR_Handler  stm32f0xx_hal_pcd.o
    0x08003f3c   0x08003f3c   0x00000002   Code   RO          313    i.PendSV_Handler    stm32f0xx_it.o
    0x08003f3e   0x08003f3e   0x00000002   Code   RO          314    i.SVC_Handler       stm32f0xx_it.o
    0x08003f40   0x08003f40   0x00000008   Code   RO          315    i.SysTick_Handler   stm32f0xx_it.o
    0x08003f48   0x08003f48   0x0000007e   Code   RO           13    i.SystemClock_Config  main.o
    0x08003fc6   0x08003fc6   0x00000002   Code   RO         3500    i.SystemInit        system_stm32f0xx.o
    0x08003fc8   0x08003fc8   0x000000a4   Code   RO         2629    i.TIM_Base_SetConfig  stm32f0xx_hal_tim.o
    0x0800406c   0x0800406c   0x00000016   Code   RO         2640    i.TIM_ETR_SetConfig  stm32f0xx_hal_tim.o
    0x08004082   0x08004082   0x00000010   Code   RO         2641    i.TIM_ITRx_SetConfig  stm32f0xx_hal_tim.o
    0x08004092   0x08004092   0x00000002   PAD
    0x08004094   0x08004094   0x00000088   Code   RO         2642    i.TIM_OC1_SetConfig  stm32f0xx_hal_tim.o
    0x0800411c   0x0800411c   0x00000080   Code   RO         2643    i.TIM_OC2_SetConfig  stm32f0xx_hal_tim.o
    0x0800419c   0x0800419c   0x00000084   Code   RO         2644    i.TIM_OC3_SetConfig  stm32f0xx_hal_tim.o
    0x08004220   0x08004220   0x0000006c   Code   RO         2645    i.TIM_OC4_SetConfig  stm32f0xx_hal_tim.o
    0x0800428c   0x0800428c   0x00000022   Code   RO         2647    i.TIM_TI1_ConfigInputStage  stm32f0xx_hal_tim.o
    0x080042ae   0x080042ae   0x00000026   Code   RO         2649    i.TIM_TI2_ConfigInputStage  stm32f0xx_hal_tim.o
    0x080042d4   0x080042d4   0x00000056   Code   RO         4160    i.USBD_CDC_DataIn   usbd_cdc.o
    0x0800432a   0x0800432a   0x00000032   Code   RO         4161    i.USBD_CDC_DataOut  usbd_cdc.o
    0x0800435c   0x0800435c   0x00000046   Code   RO         4162    i.USBD_CDC_DeInit   usbd_cdc.o
    0x080043a2   0x080043a2   0x0000002a   Code   RO         4163    i.USBD_CDC_EP0_RxReady  usbd_cdc.o
    0x080043cc   0x080043cc   0x0000000c   Code   RO         4164    i.USBD_CDC_GetDeviceQualifierDescriptor  usbd_cdc.o
    0x080043d8   0x080043d8   0x0000000c   Code   RO         4165    i.USBD_CDC_GetFSCfgDesc  usbd_cdc.o
    0x080043e4   0x080043e4   0x0000000c   Code   RO         4166    i.USBD_CDC_GetHSCfgDesc  usbd_cdc.o
    0x080043f0   0x080043f0   0x0000000c   Code   RO         4167    i.USBD_CDC_GetOtherSpeedCfgDesc  usbd_cdc.o
    0x080043fc   0x080043fc   0x0000009a   Code   RO         4168    i.USBD_CDC_Init     usbd_cdc.o
    0x08004496   0x08004496   0x0000003a   Code   RO         4169    i.USBD_CDC_ReceivePacket  usbd_cdc.o
    0x080044d0   0x080044d0   0x00000014   Code   RO         4170    i.USBD_CDC_RegisterInterface  usbd_cdc.o
    0x080044e4   0x080044e4   0x00000014   Code   RO         4171    i.USBD_CDC_SetRxBuffer  usbd_cdc.o
    0x080044f8   0x080044f8   0x00000016   Code   RO         4172    i.USBD_CDC_SetTxBuffer  usbd_cdc.o
    0x0800450e   0x0800450e   0x000000a8   Code   RO         4173    i.USBD_CDC_Setup    usbd_cdc.o
    0x080045b6   0x080045b6   0x0000003a   Code   RO         4174    i.USBD_CDC_TransmitPacket  usbd_cdc.o
    0x080045f0   0x080045f0   0x00000012   Code   RO         3909    i.USBD_ClrClassConfig  usbd_core.o
    0x08004602   0x08004602   0x00000010   Code   RO         4104    i.USBD_CtlContinueRx  usbd_ioreq.o
    0x08004612   0x08004612   0x00000010   Code   RO         4105    i.USBD_CtlContinueSendData  usbd_ioreq.o
    0x08004622   0x08004622   0x00000014   Code   RO         4043    i.USBD_CtlError     usbd_ctlreq.o
    0x08004636   0x08004636   0x00000022   Code   RO         4106    i.USBD_CtlPrepareRx  usbd_ioreq.o
    0x08004658   0x08004658   0x00000018   Code   RO         4107    i.USBD_CtlReceiveStatus  usbd_ioreq.o
    0x08004670   0x08004670   0x0000001e   Code   RO         4108    i.USBD_CtlSendData  usbd_ioreq.o
    0x0800468e   0x0800468e   0x0000001a   Code   RO         4109    i.USBD_CtlSendStatus  usbd_ioreq.o
    0x080046a8   0x080046a8   0x00000020   Code   RO         3578    i.USBD_FS_ConfigStrDescriptor  usbd_desc.o
    0x080046c8   0x080046c8   0x0000000c   Code   RO         3579    i.USBD_FS_DeviceDescriptor  usbd_desc.o
    0x080046d4   0x080046d4   0x00000024   Code   RO         3580    i.USBD_FS_InterfaceStrDescriptor  usbd_desc.o
    0x080046f8   0x080046f8   0x0000000c   Code   RO         3581    i.USBD_FS_LangIDStrDescriptor  usbd_desc.o
    0x08004704   0x08004704   0x00000028   Code   RO         3582    i.USBD_FS_ManufacturerStrDescriptor  usbd_desc.o
    0x0800472c   0x0800472c   0x0000002c   Code   RO         3583    i.USBD_FS_ProductStrDescriptor  usbd_desc.o
    0x08004758   0x08004758   0x00000034   Code   RO         3584    i.USBD_FS_SerialStrDescriptor  usbd_desc.o
    0x0800478c   0x0800478c   0x000000e8   Code   RO         4044    i.USBD_GetDescriptor  usbd_ctlreq.o
    0x08004874   0x08004874   0x00000046   Code   RO         4045    i.USBD_GetString    usbd_ctlreq.o
    0x080048ba   0x080048ba   0x00000018   Code   RO         3720    i.USBD_Get_USB_Status  usbd_conf.o
    0x080048d2   0x080048d2   0x0000002e   Code   RO         3911    i.USBD_Init         usbd_core.o
    0x08004900   0x08004900   0x00000014   Code   RO         3721    i.USBD_LL_ClearStallEP  usbd_conf.o
    0x08004914   0x08004914   0x00000014   Code   RO         3722    i.USBD_LL_CloseEP   usbd_conf.o
    0x08004928   0x08004928   0x000000c6   Code   RO         3912    i.USBD_LL_DataInStage  usbd_core.o
    0x080049ee   0x080049ee   0x00000082   Code   RO         3913    i.USBD_LL_DataOutStage  usbd_core.o
    0x08004a70   0x08004a70   0x00000010   Code   RO         3726    i.USBD_LL_GetRxDataSize  usbd_conf.o
    0x08004a80   0x08004a80   0x00000084   Code   RO         3727    i.USBD_LL_Init      usbd_conf.o
    0x08004b04   0x08004b04   0x00000020   Code   RO         3728    i.USBD_LL_IsStallEP  usbd_conf.o
    0x08004b24   0x08004b24   0x0000001a   Code   RO         3729    i.USBD_LL_OpenEP    usbd_conf.o
    0x08004b3e   0x08004b3e   0x00000014   Code   RO         3730    i.USBD_LL_PrepareReceive  usbd_conf.o
    0x08004b52   0x08004b52   0x0000004e   Code   RO         3918    i.USBD_LL_Reset     usbd_core.o
    0x08004ba0   0x08004ba0   0x00000014   Code   RO         3919    i.USBD_LL_Resume    usbd_core.o
    0x08004bb4   0x08004bb4   0x0000001c   Code   RO         3920    i.USBD_LL_SOF       usbd_core.o
    0x08004bd0   0x08004bd0   0x00000006   Code   RO         3921    i.USBD_LL_SetSpeed  usbd_core.o
    0x08004bd6   0x08004bd6   0x00000014   Code   RO         3731    i.USBD_LL_SetUSBAddress  usbd_conf.o
    0x08004bea   0x08004bea   0x00000060   Code   RO         3922    i.USBD_LL_SetupStage  usbd_core.o
    0x08004c4a   0x08004c4a   0x00000014   Code   RO         3732    i.USBD_LL_StallEP   usbd_conf.o
    0x08004c5e   0x08004c5e   0x00000014   Code   RO         3733    i.USBD_LL_Start     usbd_conf.o
    0x08004c72   0x08004c72   0x00000012   Code   RO         3923    i.USBD_LL_Suspend   usbd_core.o
    0x08004c84   0x08004c84   0x00000014   Code   RO         3735    i.USBD_LL_Transmit  usbd_conf.o
    0x08004c98   0x08004c98   0x00000028   Code   RO         4046    i.USBD_ParseSetupRequest  usbd_ctlreq.o
    0x08004cc0   0x08004cc0   0x00000016   Code   RO         3924    i.USBD_RegisterClass  usbd_core.o
    0x08004cd6   0x08004cd6   0x0000001e   Code   RO         3926    i.USBD_SetClassConfig  usbd_core.o
    0x08004cf4   0x08004cf4   0x00000084   Code   RO         4047    i.USBD_SetConfig    usbd_ctlreq.o
    0x08004d78   0x08004d78   0x0000000a   Code   RO         3927    i.USBD_Start        usbd_core.o
    0x08004d82   0x08004d82   0x0000010a   Code   RO         4048    i.USBD_StdDevReq    usbd_ctlreq.o
    0x08004e8c   0x08004e8c   0x0000016a   Code   RO         4049    i.USBD_StdEPReq     usbd_ctlreq.o
    0x08004ff6   0x08004ff6   0x00000054   Code   RO         4050    i.USBD_StdItfReq    usbd_ctlreq.o
    0x0800504a   0x0800504a   0x00000002   Code   RO         3736    i.USBD_static_free  usbd_conf.o
    0x0800504c   0x0800504c   0x00000008   Code   RO         3737    i.USBD_static_malloc  usbd_conf.o
    0x08005054   0x08005054   0x00000274   Code   RO          390    i.USB_ActivateEndpoint  stm32f0xx_ll_usb.o
    0x080052c8   0x080052c8   0x000000f0   Code   RO          394    i.USB_DeactivateEndpoint  stm32f0xx_ll_usb.o
    0x080053b8   0x080053b8   0x00000010   Code   RO          395    i.USB_DevConnect    stm32f0xx_ll_usb.o
    0x080053c8   0x080053c8   0x00000012   Code   RO          397    i.USB_DevInit       stm32f0xx_ll_usb.o
    0x080053da   0x080053da   0x00000002   PAD
    0x080053dc   0x080053dc   0x00000014   Code   RO          398    i.USB_DisableGlobalInt  stm32f0xx_ll_usb.o
    0x080053f0   0x080053f0   0x0000007c   Code   RO          399    i.USB_EPClearStall  stm32f0xx_ll_usb.o
    0x0800546c   0x0800546c   0x00000038   Code   RO          400    i.USB_EPSetStall    stm32f0xx_ll_usb.o
    0x080054a4   0x080054a4   0x00000508   Code   RO          401    i.USB_EPStartXfer   stm32f0xx_ll_usb.o
    0x080059ac   0x080059ac   0x00000014   Code   RO          403    i.USB_EnableGlobalInt  stm32f0xx_ll_usb.o
    0x080059c0   0x080059c0   0x00000010   Code   RO          316    i.USB_IRQHandler    stm32f0xx_it.o
    0x080059d0   0x080059d0   0x00000006   Code   RO          406    i.USB_ReadInterrupts  stm32f0xx_ll_usb.o
    0x080059d6   0x080059d6   0x0000002a   Code   RO          407    i.USB_ReadPMA       stm32f0xx_ll_usb.o
    0x08005a00   0x08005a00   0x0000000e   Code   RO          409    i.USB_SetDevAddress  stm32f0xx_ll_usb.o
    0x08005a0e   0x08005a0e   0x00000026   Code   RO          411    i.USB_WritePMA      stm32f0xx_ll_usb.o
    0x08005a34   0x08005a34   0x00000030   Code   RO          912    i.__ARM_common_ll_muluu  stm32f0xx_hal_rcc.o
    0x08005a64   0x08005a64   0x0000001a   Code   RO         1835    i.__ARM_common_switch8  stm32f0xx_hal_dma.o
    0x08005a7e   0x08005a7e   0x00000002   PAD
    0x08005a80   0x08005a80   0x0000002c   Code   RO         4491    i.__ARM_fpclassify  m_ps.l(fpclassify.o)
    0x08005aac   0x08005aac   0x00000044   Code   RO         1854    i.__NVIC_SetPriority  stm32f0xx_hal_cortex.o
    0x08005af0   0x08005af0   0x0000000e   Code   RO         4378    i._is_digit         c_p.l(__printf_wp.o)
    0x08005afe   0x08005afe   0x00000002   PAD
    0x08005b00   0x08005b00   0x00000088   Code   RO           14    i.main              main.o
    0x08005b88   0x08005b88   0x00000028   Code   RO         4262    i.usb_printf        usb_printf.o
    0x08005bb0   0x08005bb0   0x0000002c   Code   RO         4474    locale$$code        c_p.l(lc_numeric_c.o)
    0x08005bdc   0x08005bdc   0x0000002c   Code   RO         4502    locale$$code        c_p.l(lc_ctype_c.o)
    0x08005c08   0x08005c08   0x00000010   Code   RO         4411    x$fpl$printf1       fz_ps.l(printf1.o)
    0x08005c18   0x08005c18   0x00000010   Code   RO         4413    x$fpl$printf2       fz_ps.l(printf2.o)
    0x08005c28   0x08005c28   0x00000000   Code   RO         4490    x$fpl$usenofp       fz_ps.l(usenofp.o)
    0x08005c28   0x08005c28   0x00000020   Data   RO          838    .constdata          stm32f0xx_hal_rcc.o
    0x08005c48   0x08005c48   0x00000010   Data   RO         3501    .constdata          system_stm32f0xx.o
    0x08005c58   0x08005c58   0x00000008   Data   RO         4337    .constdata          c_p.l(_printf_wctomb.o)
    0x08005c60   0x08005c60   0x00000028   Data   RO         4366    .constdata          c_p.l(_printf_hex_int_ll_ptr.o)
    0x08005c88   0x08005c88   0x00000011   Data   RO         4386    .constdata          c_p.l(__printf_flags_ss_wp.o)
    0x08005c99   0x08005c99   0x00000026   Data   RO         4443    .constdata          c_p.l(_printf_fp_hex.o)
    0x08005cbf   0x08005cbf   0x00000001   PAD
    0x08005cc0   0x08005cc0   0x00000094   Data   RO         4469    .constdata          c_p.l(bigflt0.o)
    0x08005d54   0x08005d54   0x00000020   Data   RO         4626    Region$$Table       anon$$obj.o
    0x08005d74   0x08005d74   0x0000001c   Data   RO         4473    locale$$data        c_p.l(lc_numeric_c.o)
    0x08005d90   0x08005d90   0x00000110   Data   RO         4501    locale$$data        c_p.l(lc_ctype_c.o)


    Execution Region RW_IRAM1 (Exec base: 0x20000000, Load base: 0x08005ea0, Size: 0x00001a70, Max: 0x00004000, ABSOLUTE, COMPRESSED[0x000000c0])

    Exec Addr    Load Addr    Size         Type   Attr      Idx    E Section Name        Object

    0x20000000   COMPRESSED   0x0000000c   Data   RW         1029    .data               stm32f0xx_hal.o
    0x2000000c   COMPRESSED   0x00000004   Data   RW         3503    .data               system_stm32f0xx.o
    0x20000010   COMPRESSED   0x0000001c   Data   RW         3586    .data               usbd_desc.o
    0x2000002c   COMPRESSED   0x00000032   Data   RW         3587    .data               usbd_desc.o
    0x2000005e   COMPRESSED   0x00000002   PAD
    0x20000060   COMPRESSED   0x00000010   Data   RW         3665    .data               usbd_cdc_if.o
    0x20000070   COMPRESSED   0x00000001   Data   RW         4051    .data               usbd_ctlreq.o
    0x20000071   COMPRESSED   0x00000003   PAD
    0x20000074   COMPRESSED   0x000000d7   Data   RW         4175    .data               usbd_cdc.o
    0x2000014b   COMPRESSED   0x00000001   PAD
    0x2000014c   COMPRESSED   0x00000038   Data   RW         4176    .data               usbd_cdc.o
    0x20000184        -       0x00000084   Zero   RW          211    .bss                adc.o
    0x20000208        -       0x00000048   Zero   RW          270    .bss                tim.o
    0x20000250        -       0x000002c4   Zero   RW         3534    .bss                usb_device.o
    0x20000514        -       0x00000200   Zero   RW         3585    .bss                usbd_desc.o
    0x20000714        -       0x00000800   Zero   RW         3664    .bss                usbd_cdc_if.o
    0x20000f14        -       0x000004fc   Zero   RW         3738    .bss                usbd_conf.o
    0x20001410        -       0x00000060   Zero   RW         4494    .bss                c_p.l(libspace.o)
    0x20001470        -       0x00000200   Zero   RW            2    HEAP                startup_stm32f072xb.o
    0x20001670        -       0x00000400   Zero   RW            1    STACK               startup_stm32f072xb.o


==============================================================================

Image component sizes


      Code (inc. data)   RO Data    RW Data    ZI Data      Debug   Object Name

       268         26          0          0        132       1760   adc.o
        40          4          0          0          0        718   dma.o
        56          6          0          0          0        791   gpio.o
       266         50          0          0          0     507396   main.o
        56         26        192          0       1536        628   startup_stm32f072xb.o
       164         30          0         12          0       8453   stm32f0xx_hal.o
      1130         56          0          0          0       7469   stm32f0xx_hal_adc.o
       148         24          0          0          0      10293   stm32f0xx_hal_cortex.o
       448         16          0          0          0       4191   stm32f0xx_hal_dma.o
       436         30          0          0          0       1492   stm32f0xx_hal_gpio.o
        40          6          0          0          0        806   stm32f0xx_hal_msp.o
      2968         86          0          0          0      13833   stm32f0xx_hal_pcd.o
       104          0          0          0          0       2485   stm32f0xx_hal_pcd_ex.o
      1452         54         32          0          0       4238   stm32f0xx_hal_rcc.o
       288         14          0          0          0       1488   stm32f0xx_hal_rcc_ex.o
      1432        110          0          0          0      11409   stm32f0xx_hal_tim.o
        96         12          0          0          0       1336   stm32f0xx_hal_tim_ex.o
        48         12          0          0          0       2991   stm32f0xx_it.o
      2510        120          0          0          0      13760   stm32f0xx_ll_usb.o
         2          0         16          4          0       1087   system_stm32f0xx.o
       364         26          0          0         72       2328   tim.o
        84         16          0          0        708       2483   usb_device.o
        40          6          0          0          0       1181   usb_printf.o
       796         16          0        271          0      12842   usbd_cdc.o
       116         24          0         16       2048       3180   usbd_cdc_if.o
       650         38          0          0       1276      13546   usbd_conf.o
       700          0          0          0          0       9375   usbd_core.o
      1206         36          0          1          0       7780   usbd_ctlreq.o
       272        104          0         78        512       5789   usbd_desc.o
       146          0          0          0          0       4264   usbd_ioreq.o

    ----------------------------------------------------------------------
     16344        948        272        388       6284     659392   Object Totals
         0          0         32          0          0          0   (incl. Generated)
        18          0          0          6          0          0   (incl. Padding)

    ----------------------------------------------------------------------

      Code (inc. data)   RO Data    RW Data    ZI Data      Debug   Library Member Name

        86          0          0          0          0          0   __dczerorl2.o
         8          0          0          0          0         68   __main.o
       392          6         17          0          0         76   __printf_flags_ss_wp.o
        14          0          0          0          0         60   __printf_wp.o
         0          0          0          0          0          0   __rtentry.o
        12          0          0          0          0          0   __rtentry2.o
         6          0          0          0          0          0   __rtentry4.o
        60          8          0          0          0          0   __scatter.o
        28          0          0          0          0          0   __scatter_zi.o
        10          0          0          0          0          0   _printf_a.o
        10          0          0          0          0          0   _printf_c.o
        46          0          0          0          0        100   _printf_char.o
        48          6          0          0          0         88   _printf_char_common.o
        38          0          0          0          0         60   _printf_charcount.o
        10          0          0          0          0          0   _printf_d.o
       108         18          0          0          0         76   _printf_dec.o
        10          0          0          0          0          0   _printf_e.o
        10          0          0          0          0          0   _printf_f.o
      1048         14          0          0          0        176   _printf_fp_dec.o
       728         10         38          0          0         84   _printf_fp_hex.o
       136         16          0          0          0         76   _printf_fp_infnan.o
        10          0          0          0          0          0   _printf_g.o
       152          4         40          0          0        148   _printf_hex_int_ll_ptr.o
        10          0          0          0          0          0   _printf_i.o
       176          0          0          0          0         84   _printf_intcommon.o
        10          0          0          0          0          0   _printf_l.o
        10          0          0          0          0          0   _printf_lc.o
        10          0          0          0          0          0   _printf_ll.o
        10          0          0          0          0          0   _printf_lld.o
        10          0          0          0          0          0   _printf_lli.o
        10          0          0          0          0          0   _printf_llo.o
        10          0          0          0          0          0   _printf_llu.o
        10          0          0          0          0          0   _printf_llx.o
       112         18          0          0          0         76   _printf_longlong_dec.o
        10          0          0          0          0          0   _printf_ls.o
        10          0          0          0          0          0   _printf_n.o
        10          0          0          0          0          0   _printf_o.o
       112         10          0          0          0        112   _printf_oct_int_ll.o
        10          0          0          0          0          0   _printf_p.o
        78          0          0          0          0        100   _printf_pad.o
         2          0          0          0          0          0   _printf_percent.o
         4          0          0          0          0          0   _printf_percent_end.o
        10          0          0          0          0          0   _printf_s.o
        82          0          0          0          0         72   _printf_str.o
        36          0          0          0          0         76   _printf_truncate.o
        10          0          0          0          0          0   _printf_u.o
        46          0          0          0          0        100   _printf_wchar.o
       188          6          8          0          0         80   _printf_wctomb.o
        10          0          0          0          0          0   _printf_x.o
        16          0          0          0          0         60   _snputc.o
        10          0          0          0          0         60   _sputc.o
        64          0          0          0          0         72   _wcrtomb.o
       346          0          0          0          0         92   aeabi_sdiv.o
       216          6        148          0          0         80   bigflt0.o
      1408         30          0          0          0        260   btod.o
        16          0          0          0          0         68   exit.o
         6          0          0          0          0        136   heapauxi.o
         0          0          0          0          0          0   indicate_semi.o
        44         10        272          0          0         76   lc_ctype_c.o
        44         10         28          0          0         76   lc_numeric_c.o
         2          0          0          0          0          0   libinit.o
        30          0          0          0          0          0   libinit2.o
         2          0          0          0          0          0   libshutdown.o
         2          0          0          0          0          0   libshutdown2.o
         8          4          0          0         96         68   libspace.o
       258          0          0          0          0         88   lludiv.o
       122          0          0          0          0         72   lludiv10.o
        16          4          0          0          0         76   rt_ctype_table.o
         8          4          0          0          0         68   rt_locale_intlibspace.o
        64          0          0          0          0        108   rt_memclr.o
         2          0          0          0          0          0   rtexit.o
        10          0          0          0          0          0   rtexit2.o
        40          0          0          0          0         60   rtudiv10.o
       136          4          0          0          0         72   strcmp.o
        12          4          0          0          0         60   sys_exit.o
        62          0          0          0          0         80   sys_stackheap_outer.o
         2          0          0          0          0         68   use_no_semi.o
        56          6          0          0          0         72   vsnprintf.o
        16          4          0          0          0         76   printf1.o
        16          4          0          0          0         76   printf2.o
         0          0          0          0          0          0   usenofp.o
        44          4          0          0          0         60   fpclassify.o

    ----------------------------------------------------------------------
      7056        210        552          0         96       3796   Library Totals
        12          0          1          0          0          0   (incl. Padding)

    ----------------------------------------------------------------------

      Code (inc. data)   RO Data    RW Data    ZI Data      Debug   Library Name

      6968        198        551          0         96       3584   c_p.l
        32          8          0          0          0        152   fz_ps.l
        44          4          0          0          0         60   m_ps.l

    ----------------------------------------------------------------------
      7056        210        552          0         96       3796   Library Totals

    ----------------------------------------------------------------------

==============================================================================


      Code (inc. data)   RO Data    RW Data    ZI Data      Debug   

     23400       1158        824        388       6380     653848   Grand Totals
     23400       1158        824        192       6380     653848   ELF Image Totals (compressed)
     23400       1158        824        192          0          0   ROM Totals

==============================================================================

    Total RO  Size (Code + RO Data)                24224 (  23.66kB)
    Total RW  Size (RW Data + ZI Data)              6768 (   6.61kB)
    Total ROM Size (Code + RO Data + RW Data)      24416 (  23.84kB)

==============================================================================

